Archive member included to satisfy reference by file (symbol)

.\CortexM0\ARM_GCC_541\Debug\BLDC Motor.a(INHA.o)
                              .\CortexM0\ARM_GCC_541\Debug\main.o (INHA_Write)
.\CortexM0\ARM_GCC_541\Debug\BLDC Motor.a(INHB.o)
                              .\CortexM0\ARM_GCC_541\Debug\main.o (INHB_Write)
.\CortexM0\ARM_GCC_541\Debug\BLDC Motor.a(INHC.o)
                              .\CortexM0\ARM_GCC_541\Debug\main.o (INHC_Write)
.\CortexM0\ARM_GCC_541\Debug\BLDC Motor.a(CyLib.o)
                              .\CortexM0\ARM_GCC_541\Debug\cyfitter_cfg.o (CyIntEnable)
.\CortexM0\ARM_GCC_541\Debug\BLDC Motor.a(CyLFClk.o)
                              .\CortexM0\ARM_GCC_541\Debug\BLDC Motor.a(CyLib.o) (CySysClkWcoEnabled)
.\CortexM0\ARM_GCC_541\Debug\BLDC Motor.a(PWM_A.o)
                              .\CortexM0\ARM_GCC_541\Debug\main.o (PWM_A_Stop)
.\CortexM0\ARM_GCC_541\Debug\BLDC Motor.a(PWM_B.o)
                              .\CortexM0\ARM_GCC_541\Debug\main.o (PWM_B_Stop)
.\CortexM0\ARM_GCC_541\Debug\BLDC Motor.a(PWM_C.o)
                              .\CortexM0\ARM_GCC_541\Debug\main.o (PWM_C_Stop)
.\CortexM0\ARM_GCC_541\Debug\BLDC Motor.a(u.o)
                              .\CortexM0\ARM_GCC_541\Debug\main.o (u_Read)
.\CortexM0\ARM_GCC_541\Debug\BLDC Motor.a(v.o)
                              .\CortexM0\ARM_GCC_541\Debug\main.o (v_Read)
.\CortexM0\ARM_GCC_541\Debug\BLDC Motor.a(w.o)
                              .\CortexM0\ARM_GCC_541\Debug\main.o (w_Read)
.\CortexM0\ARM_GCC_541\Debug\BLDC Motor.a(UART.o)
                              .\CortexM0\ARM_GCC_541\Debug\main.o (UART_Start)
.\CortexM0\ARM_GCC_541\Debug\BLDC Motor.a(UART_SPI_UART.o)
                              .\CortexM0\ARM_GCC_541\Debug\main.o (UART_SpiUartWriteTxData)
.\CortexM0\ARM_GCC_541\Debug\BLDC Motor.a(UART_UART.o)
                              .\CortexM0\ARM_GCC_541\Debug\BLDC Motor.a(UART.o) (UART_UartInit)
.\CortexM0\ARM_GCC_541\Debug\BLDC Motor.a(CTRL.o)
                              .\CortexM0\ARM_GCC_541\Debug\main.o (CTRL_Write)
.\CortexM0\ARM_GCC_541\Debug\BLDC Motor.a(Counter_micros.o)
                              .\CortexM0\ARM_GCC_541\Debug\main.o (Counter_micros_ReadCounter)
.\CortexM0\ARM_GCC_541\Debug\BLDC Motor.a(isr_millis.o)
                              .\CortexM0\ARM_GCC_541\Debug\main.o (isr_millis_StartEx)
.\CortexM0\ARM_GCC_541\Debug\BLDC Motor.a(isr_uf.o)
                              .\CortexM0\ARM_GCC_541\Debug\main.o (isr_uf_StartEx)
.\CortexM0\ARM_GCC_541\Debug\BLDC Motor.a(isr_vf.o)
                              .\CortexM0\ARM_GCC_541\Debug\main.o (isr_vf_StartEx)
.\CortexM0\ARM_GCC_541\Debug\BLDC Motor.a(isr_wf.o)
                              .\CortexM0\ARM_GCC_541\Debug\main.o (isr_wf_StartEx)
.\CortexM0\ARM_GCC_541\Debug\BLDC Motor.a(isr_wr.o)
                              .\CortexM0\ARM_GCC_541\Debug\main.o (isr_wr_StartEx)
.\CortexM0\ARM_GCC_541\Debug\BLDC Motor.a(isr_vr.o)
                              .\CortexM0\ARM_GCC_541\Debug\main.o (isr_vr_StartEx)
.\CortexM0\ARM_GCC_541\Debug\BLDC Motor.a(isr_ur.o)
                              .\CortexM0\ARM_GCC_541\Debug\main.o (isr_ur_StartEx)
.\CortexM0\ARM_GCC_541\Debug\BLDC Motor.a(CyBootAsmGnu.o)
                              .\CortexM0\ARM_GCC_541\Debug\BLDC Motor.a(CyLib.o) (CyDelayCycles)
.\CortexM0\ARM_GCC_541\Debug\BLDC Motor.a(CyFlash.o)
                              .\CortexM0\ARM_GCC_541\Debug\BLDC Motor.a(CyLib.o) (CySysFlashSetWaitCycles)
c:/program files (x86)/cypress/psoc creator/4.4/psoc creator/import/gnu/arm/5.4.1/bin/../lib/gcc/arm-none-eabi/5.4.1/armv6-m\libgcc.a(_udivsi3.o)
                              .\CortexM0\ARM_GCC_541\Debug\main.o (__aeabi_uidiv)
c:/program files (x86)/cypress/psoc creator/4.4/psoc creator/import/gnu/arm/5.4.1/bin/../lib/gcc/arm-none-eabi/5.4.1/armv6-m\libgcc.a(_divsi3.o)
                              .\CortexM0\ARM_GCC_541\Debug\BLDC Motor.a(CyLFClk.o) (__aeabi_idiv)
c:/program files (x86)/cypress/psoc creator/4.4/psoc creator/import/gnu/arm/5.4.1/bin/../lib/gcc/arm-none-eabi/5.4.1/armv6-m\libgcc.a(_dvmd_tls.o)
                              c:/program files (x86)/cypress/psoc creator/4.4/psoc creator/import/gnu/arm/5.4.1/bin/../lib/gcc/arm-none-eabi/5.4.1/armv6-m\libgcc.a(_udivsi3.o) (__aeabi_idiv0)
c:/program files (x86)/cypress/psoc creator/4.4/psoc creator/import/gnu/arm/5.4.1/bin/../lib/gcc/arm-none-eabi/5.4.1/armv6-m\libgcc.a(_arm_cmpdf2.o)
                              .\CortexM0\ARM_GCC_541\Debug\main.o (__aeabi_dcmplt)
c:/program files (x86)/cypress/psoc creator/4.4/psoc creator/import/gnu/arm/5.4.1/bin/../lib/gcc/arm-none-eabi/5.4.1/armv6-m\libgcc.a(_arm_cmpsf2.o)
                              .\CortexM0\ARM_GCC_541\Debug\main.o (__aeabi_fcmplt)
c:/program files (x86)/cypress/psoc creator/4.4/psoc creator/import/gnu/arm/5.4.1/bin/../lib/gcc/arm-none-eabi/5.4.1/armv6-m\libgcc.a(_fixunssfsi.o)
[...]
Memory Configuration

Name             Origin             Length             Attributes
rom              0x00000000         0x00020000         xr
ram              0x20000000         0x00004000         xrw
*default*        0x00000000         0xffffffff

Linker script and memory map

LOAD c:/program files (x86)/cypress/psoc creator/4.4/psoc creator/import/gnu/arm/5.4.1/bin/../lib/gcc/arm-none-eabi/5.4.1/armv6-m/crti.o
LOAD c:/program files (x86)/cypress/psoc creator/4.4/psoc creator/import/gnu/arm/5.4.1/bin/../lib/gcc/arm-none-eabi/5.4.1/armv6-m/crtbegin.o
LOAD c:/program files (x86)/cypress/psoc creator/4.4/psoc creator/import/gnu/arm/5.4.1/bin/../lib/gcc/arm-none-eabi/5.4.1/../../../../arm-none-eabi/lib/armv6-m/crt0.o
START GROUP
LOAD .\CortexM0\ARM_GCC_541\Debug\main.o
LOAD .\CortexM0\ARM_GCC_541\Debug\cyfitter_cfg.o
LOAD .\CortexM0\ARM_GCC_541\Debug\cymetadata.o
LOAD .\CortexM0\ARM_GCC_541\Debug\Cm0Start.o
LOAD .\CortexM0\ARM_GCC_541\Debug\BLDC Motor.a
END GROUP
START GROUP
LOAD c:/program files (x86)/cypress/psoc creator/4.4/psoc creator/import/gnu/arm/5.4.1/bin/../lib/gcc/arm-none-eabi/5.4.1/armv6-m\libgcc.a
LOAD c:/program files (x86)/cypress/psoc creator/4.4/psoc creator/import/gnu/arm/5.4.1/bin/../lib/gcc/arm-none-eabi/5.4.1/../../../../arm-none-eabi/lib/armv6-m\libg_nano.a
LOAD c:/program files (x86)/cypress/psoc creator/4.4/psoc creator/import/gnu/arm/5.4.1/bin/../lib/gcc/arm-none-eabi/5.4.1/../../../../arm-none-eabi/lib/armv6-m\libc_nano.a
END GROUP
START GROUP
LOAD c:/program files (x86)/cypress/psoc creator/4.4/psoc creator/import/gnu/arm/5.4.1/bin/../lib/gcc/arm-none-eabi/5.4.1/armv6-m\libgcc.a
LOAD c:/program files (x86)/cypress/psoc creator/4.4/psoc creator/import/gnu/arm/5.4.1/bin/../lib/gcc/arm-none-eabi/5.4.1/../../../../arm-none-eabi/lib/armv6-m\libc_nano.a
END GROUP
LOAD c:/program files (x86)/cypress/psoc creator/4.4/psoc creator/import/gnu/arm/5.4.1/bin/../lib/gcc/arm-none-eabi/5.4.1/armv6-m/crtend.o
LOAD c:/program files (x86)/cypress/psoc creator/4.4/psoc creator/import/gnu/arm/5.4.1/bin/../lib/gcc/arm-none-eabi/5.4.1/armv6-m/crtn.o
START GROUP
LOAD c:/program files (x86)/cypress/psoc creator/4.4/psoc creator/import/gnu/arm/5.4.1/bin/../lib/gcc/arm-none-eabi/5.4.1/armv6-m\libgcc.a
LOAD c:/program files (x86)/cypress/psoc creator/4.4/psoc creator/import/gnu/arm/5.4.1/bin/../lib/gcc/arm-none-eabi/5.4.1/../../../../arm-none-eabi/lib/armv6-m\libc.a
LOAD c:/program files (x86)/cypress/psoc creator/4.4/psoc creator/import/gnu/arm/5.4.1/bin/../lib/gcc/arm-none-eabi/5.4.1/../../../../arm-none-eabi/lib/armv6-m\libnosys.a
END GROUP
                0x00000000                CY_APPL_ORIGIN = 0x0
                0x00000080                CY_FLASH_ROW_SIZE = 0x80
                0x00000001                CY_APPL_NUM = 0x1
                0x00000001                CY_APPL_MAX = 0x1
                0x00000040                CY_METADATA_SIZE = 0x40
                0x00000000                CY_APPL_LOADABLE = 0x0
                0x00000000                CY_CHECKSUM_EXCLUDE_SIZE = ALIGN (0x0, CY_FLASH_ROW_SIZE)
                0x00000000                CY_APP_FOR_STACK_AND_COPIER = 0x0
                [!provide]                PROVIDE (__cy_heap_start, _end)
                0x00000001                PROVIDE (__cy_region_num, ((__cy_regions_end - __cy_regions) / 0x10))
                0x20004000                PROVIDE (__cy_stack, (ORIGIN (ram) + LENGTH (ram)))
                [!provide]                PROVIDE (__cy_heap_end, (__cy_stack - 0x800))

.cybootloader   0x00000000        0x0
 *(.cybootloader)
                0x00000000                appl1_start = CY_APPL_ORIGIN?CY_APPL_ORIGIN:ALIGN (CY_FLASH_ROW_SIZE)
                0x0000ff80                appl2_start = (appl1_start + ALIGN ((((LENGTH (rom) - appl1_start) - (0x2 * CY_FLASH_ROW_SIZE)) / 0x2), CY_FLASH_ROW_SIZE))
                0x00000000                appl_start = (CY_APPL_NUM == 0x1)?appl1_start:appl2_start
                0x00000001                cy_project_type_bootloader = (appl_start == 0x0)?0x1:0x0
                0x00000000                cy_project_type_app_for_stack_and_copier = (CY_APP_FOR_STACK_AND_COPIER == 0x1)?0x1:0x0

.text           0x00000000     0x79c4
 CREATE_OBJECT_SYMBOLS
                0x00000000                PROVIDE (__cy_interrupt_vector, RomVectors)
 *(.romvectors)
 .romvectors    0x00000000       0x10 .\CortexM0\ARM_GCC_541\Debug\Cm0Start.o
                0x00000000                RomVectors
                0x00000001                ASSERT ((. != __cy_interrupt_vector), No interrupt vector)
                0x00000001                ASSERT (CY_APPL_ORIGIN?(SIZEOF (.cybootloader) <= CY_APPL_ORIGIN):0x1, Wrong image location)
                0x00000010                PROVIDE (__cy_reset, Reset)
 *(.text.Reset)
 .text.Reset    0x00000010        0x8 .\CortexM0\ARM_GCC_541\Debug\Cm0Start.o
                0x00000010                Reset
                0x00000001                ASSERT ((. != __cy_reset), No reset code)
 *(.psocinit)
 .psocinit      0x00000018      0x244 .\CortexM0\ARM_GCC_541\Debug\cyfitter_cfg.o
                0x00000100                cyfitter_cfg
                0x0000025c                . = MAX (., 0x100)
 *(.text .text.* .gnu.linkonce.t.*)
 .text          0x0000025c       0x60 c:/program files (x86)/cypress/psoc creator/4.4/psoc creator/import/gnu/arm/5.4.1/bin/../lib/gcc/arm-none-eabi/5.4.1/armv6-m/crtbegin.o
 .text.isr_millis_Handler
                0x000002bc       0x20 .\CortexM0\ARM_GCC_541\Debug\main.o
                0x000002bc                isr_millis_Handler
 .text.hallinthandle
                0x000002dc       0x2c .\CortexM0\ARM_GCC_541\Debug\main.o
                0x000002dc                hallinthandle
 .text.isr_ur_Handler
                0x00000308        0xc .\CortexM0\ARM_GCC_541\Debug\main.o
                0x00000308                isr_ur_Handler
 .text.isr_vr_Handler
                0x00000314        0xc .\CortexM0\ARM_GCC_541\Debug\main.o
                0x00000314                isr_vr_Handler
 .text.isr_wr_Handler
                0x00000320        0xc .\CortexM0\ARM_GCC_541\Debug\main.o
                0x00000320                isr_wr_Handler
 .text.isr_uf_Handler
                0x0000032c        0xc .\CortexM0\ARM_GCC_541\Debug\main.o
                0x0000032c                isr_uf_Handler
 .text.isr_vf_Handler
                0x00000338        0xc .\CortexM0\ARM_GCC_541\Debug\main.o
                0x00000338                isr_vf_Handler
 .text.isr_wf_Handler
                0x00000344        0xc .\CortexM0\ARM_GCC_541\Debug\main.o
                0x00000344                isr_wf_Handler
 .text.inhA     0x00000350        0xc .\CortexM0\ARM_GCC_541\Debug\main.o
                0x00000350                inhA
 .text.inhB     0x0000035c        0xc .\CortexM0\ARM_GCC_541\Debug\main.o
                0x0000035c                inhB
 .text.inhC     0x00000368        0xc .\CortexM0\ARM_GCC_541\Debug\main.o
                0x00000368                inhC
 .text.activeA  0x00000374        0xc .\CortexM0\ARM_GCC_541\Debug\main.o
                0x00000374                activeA
 .text.activeB  0x00000380        0xc .\CortexM0\ARM_GCC_541\Debug\main.o
                0x00000380                activeB
 .text.activeC  0x0000038c        0xc .\CortexM0\ARM_GCC_541\Debug\main.o
                0x0000038c                activeC
 .text.BLDC_4_00_init
                0x00000398       0xe0 .\CortexM0\ARM_GCC_541\Debug\main.o
                0x00000398                BLDC_4_00_init
 .text.setspeedA
                0x00000478       0x40 .\CortexM0\ARM_GCC_541\Debug\main.o
                0x00000478                setspeedA
 .text.setspeedB
                0x000004b8       0x40 .\CortexM0\ARM_GCC_541\Debug\main.o
                0x000004b8                setspeedB
 .text.setspeedC
                0x000004f8       0x40 .\CortexM0\ARM_GCC_541\Debug\main.o
                0x000004f8                setspeedC
 .text.startmotorA
                0x00000538       0x18 .\CortexM0\ARM_GCC_541\Debug\main.o
                0x00000538                startmotorA
 .text.startmotorB
                0x00000550       0x18 .\CortexM0\ARM_GCC_541\Debug\main.o
                0x00000550                startmotorB
 .text.startmotorC
                0x00000568       0x18 .\CortexM0\ARM_GCC_541\Debug\main.o
                0x00000568                startmotorC
 .text.startmotor
                0x00000580       0x5c .\CortexM0\ARM_GCC_541\Debug\main.o
                0x00000580                startmotor
 .text.brake    0x000005dc       0x18 .\CortexM0\ARM_GCC_541\Debug\main.o
                0x000005dc                brake
 .text.commute_trapz
                0x000005f4      0x184 .\CortexM0\ARM_GCC_541\Debug\main.o
                0x000005f4                commute_trapz
 .text.isinttrig
                0x00000778        0x4 .\CortexM0\ARM_GCC_541\Debug\main.o
                0x00000778                isinttrig
 .text.clrint   0x0000077c        0x8 .\CortexM0\ARM_GCC_541\Debug\main.o
                0x0000077c                clrint
 .text.getstate
                0x00000784       0x1c .\CortexM0\ARM_GCC_541\Debug\main.o
                0x00000784                getstate
 .text.nextstate
                0x000007a0       0x10 .\CortexM0\ARM_GCC_541\Debug\main.o
                0x000007a0                nextstate
 .text.del_btn_int
                0x000007b0        0xc .\CortexM0\ARM_GCC_541\Debug\main.o
                0x000007b0                del_btn_int
 .text.PIDcntrl_init
                0x000007bc       0x40 .\CortexM0\ARM_GCC_541\Debug\main.o
                0x000007bc                PIDcntrl_init
 .text.evalCntrl
                0x000007fc      0x110 .\CortexM0\ARM_GCC_541\Debug\main.o
                0x000007fc                evalCntrl
 .text.reset    0x0000090c        0xc .\CortexM0\ARM_GCC_541\Debug\main.o
                0x0000090c                reset
 .text._write   0x00000918       0x1c .\CortexM0\ARM_GCC_541\Debug\main.o
                0x00000918                _write
 .text.parseInp
                0x00000934       0x64 .\CortexM0\ARM_GCC_541\Debug\main.o
                0x00000934                parseInp
 .text.main     0x00000998      0x6f4 .\CortexM0\ARM_GCC_541\Debug\main.o
                0x00000998                main
 .text.cfg_write_bytes32
                0x0000108c       0x34 .\CortexM0\ARM_GCC_541\Debug\cyfitter_cfg.o
 .text.AnalogSetDefault
                0x000010c0       0x20 .\CortexM0\ARM_GCC_541\Debug\cyfitter_cfg.o
 .text.CYMEMZERO
                0x000010e0        0xc .\CortexM0\ARM_GCC_541\Debug\cyfitter_cfg.o
 .text.IntDefaultHandler
                0x000010ec       0x10 .\CortexM0\ARM_GCC_541\Debug\Cm0Start.o
                0x000010ec                IntDefaultHandler
 .text._sbrk    0x000010fc       0x34 .\CortexM0\ARM_GCC_541\Debug\Cm0Start.o
                0x000010fc                _sbrk
 .text.Start_c  0x00001130       0x48 .\CortexM0\ARM_GCC_541\Debug\Cm0Start.o
                0x00001130                Start_c
 .text.initialize_psoc
                0x00001178       0x4c .\CortexM0\ARM_GCC_541\Debug\Cm0Start.o
                0x00001178                initialize_psoc
 .text.INHA_Write
                0x000011c4       0x18 .\CortexM0\ARM_GCC_541\Debug\BLDC Motor.a(INHA.o)
                0x000011c4                INHA_Write
 .text.INHB_Write
                0x000011dc       0x18 .\CortexM0\ARM_GCC_541\Debug\BLDC Motor.a(INHB.o)
                0x000011dc                INHB_Write
 .text.INHC_Write
                0x000011f4       0x18 .\CortexM0\ARM_GCC_541\Debug\BLDC Motor.a(INHC.o)
                0x000011f4                INHC_Write
 .text.CySysClkImoDisableWcoLock
                0x0000120c       0x54 .\CortexM0\ARM_GCC_541\Debug\BLDC Motor.a(CyLib.o)
                0x0000120c                CySysClkImoDisableWcoLock
 .text.CySysClkImoGetWcoLock
                0x00001260       0x14 .\CortexM0\ARM_GCC_541\Debug\BLDC Motor.a(CyLib.o)
                0x00001260                CySysClkImoGetWcoLock
 .text.CyIntEnable
                0x00001274       0x14 .\CortexM0\ARM_GCC_541\Debug\BLDC Motor.a(CyLib.o)
                0x00001274                CyIntEnable
 .text.CyHalt   0x00001288        0x4 .\CortexM0\ARM_GCC_541\Debug\BLDC Motor.a(CyLib.o)
                0x00001288                CyHalt
 .text.CyIntSetVector
                0x0000128c       0x24 .\CortexM0\ARM_GCC_541\Debug\BLDC Motor.a(CyLib.o)
                0x0000128c                CyIntSetVector
 .text.CyDelay  0x000012b0       0x30 .\CortexM0\ARM_GCC_541\Debug\BLDC Motor.a(CyLib.o)
                0x000012b0                CyDelay
 .text.CySysClkImoEnableWcoLock
                0x000012e0       0xf4 .\CortexM0\ARM_GCC_541\Debug\BLDC Motor.a(CyLib.o)
                0x000012e0                CySysClkImoEnableWcoLock
 .text.CySysClkWriteImoFreq
                0x000013d4       0x80 .\CortexM0\ARM_GCC_541\Debug\BLDC Motor.a(CyLib.o)
                0x000013d4                CySysClkWriteImoFreq
 .text.CySysWdtLocked
                0x00001454       0x14 .\CortexM0\ARM_GCC_541\Debug\BLDC Motor.a(CyLFClk.o)
 .text.CySysClkWcoEnabled
                0x00001468       0x14 .\CortexM0\ARM_GCC_541\Debug\BLDC Motor.a(CyLFClk.o)
                0x00001468                CySysClkWcoEnabled
 .text.CySysWdtLock
                0x0000147c       0x1c .\CortexM0\ARM_GCC_541\Debug\BLDC Motor.a(CyLFClk.o)
                0x0000147c                CySysWdtLock
 .text.CySysWdtUnlock
                0x00001498       0x30 .\CortexM0\ARM_GCC_541\Debug\BLDC Motor.a(CyLFClk.o)
                0x00001498                CySysWdtUnlock
 .text.CySysWdtClearInterrupt
                0x000014c8       0x4c .\CortexM0\ARM_GCC_541\Debug\BLDC Motor.a(CyLFClk.o)
                0x000014c8                CySysWdtClearInterrupt
 .text.CySysWdtIsr
                0x00001514       0xa4 .\CortexM0\ARM_GCC_541\Debug\BLDC Motor.a(CyLFClk.o)
                0x00001514                CySysWdtIsr
 .text.PWM_A_WriteCounter
                0x000015b8       0x10 .\CortexM0\ARM_GCC_541\Debug\BLDC Motor.a(PWM_A.o)
                0x000015b8                PWM_A_WriteCounter
 .text.PWM_A_WritePeriod
                0x000015c8       0x10 .\CortexM0\ARM_GCC_541\Debug\BLDC Motor.a(PWM_A.o)
                0x000015c8                PWM_A_WritePeriod
 .text.PWM_A_ReadPeriod
                0x000015d8       0x10 .\CortexM0\ARM_GCC_541\Debug\BLDC Motor.a(PWM_A.o)
                0x000015d8                PWM_A_ReadPeriod
 .text.PWM_A_WriteCompare
                0x000015e8       0x10 .\CortexM0\ARM_GCC_541\Debug\BLDC Motor.a(PWM_A.o)
                0x000015e8                PWM_A_WriteCompare
 .text.PWM_A_TriggerCommand
                0x000015f8       0x1c .\CortexM0\ARM_GCC_541\Debug\BLDC Motor.a(PWM_A.o)
                0x000015f8                PWM_A_TriggerCommand
 .text.PWM_A_Enable
                0x00001614       0x24 .\CortexM0\ARM_GCC_541\Debug\BLDC Motor.a(PWM_A.o)
                0x00001614                PWM_A_Enable
 .text.PWM_A_SetInterruptMode
                0x00001638        0xc .\CortexM0\ARM_GCC_541\Debug\BLDC Motor.a(PWM_A.o)
                0x00001638                PWM_A_SetInterruptMode
 .text.PWM_A_Init
                0x00001644       0x4c .\CortexM0\ARM_GCC_541\Debug\BLDC Motor.a(PWM_A.o)
                0x00001644                PWM_A_Init
 .text.PWM_A_Start
                0x00001690       0x20 .\CortexM0\ARM_GCC_541\Debug\BLDC Motor.a(PWM_A.o)
                0x00001690                PWM_A_Start
 .text.PWM_B_WriteCounter
                0x000016b0       0x10 .\CortexM0\ARM_GCC_541\Debug\BLDC Motor.a(PWM_B.o)
                0x000016b0                PWM_B_WriteCounter
 .text.PWM_B_WritePeriod
                0x000016c0       0x10 .\CortexM0\ARM_GCC_541\Debug\BLDC Motor.a(PWM_B.o)
                0x000016c0                PWM_B_WritePeriod
 .text.PWM_B_ReadPeriod
                0x000016d0       0x10 .\CortexM0\ARM_GCC_541\Debug\BLDC Motor.a(PWM_B.o)
                0x000016d0                PWM_B_ReadPeriod
 .text.PWM_B_WriteCompare
                0x000016e0       0x10 .\CortexM0\ARM_GCC_541\Debug\BLDC Motor.a(PWM_B.o)
                0x000016e0                PWM_B_WriteCompare
 .text.PWM_B_TriggerCommand
                0x000016f0       0x1c .\CortexM0\ARM_GCC_541\Debug\BLDC Motor.a(PWM_B.o)
                0x000016f0                PWM_B_TriggerCommand
 .text.PWM_B_Enable
                0x0000170c       0x24 .\CortexM0\ARM_GCC_541\Debug\BLDC Motor.a(PWM_B.o)
                0x0000170c                PWM_B_Enable
 .text.PWM_B_SetInterruptMode
                0x00001730        0xc .\CortexM0\ARM_GCC_541\Debug\BLDC Motor.a(PWM_B.o)
                0x00001730                PWM_B_SetInterruptMode
 .text.PWM_B_Init
                0x0000173c       0x48 .\CortexM0\ARM_GCC_541\Debug\BLDC Motor.a(PWM_B.o)
                0x0000173c                PWM_B_Init
 .text.PWM_B_Start
                0x00001784       0x20 .\CortexM0\ARM_GCC_541\Debug\BLDC Motor.a(PWM_B.o)
                0x00001784                PWM_B_Start
 .text.PWM_C_WriteCounter
                0x000017a4       0x10 .\CortexM0\ARM_GCC_541\Debug\BLDC Motor.a(PWM_C.o)
                0x000017a4                PWM_C_WriteCounter
 .text.PWM_C_WritePeriod
                0x000017b4       0x10 .\CortexM0\ARM_GCC_541\Debug\BLDC Motor.a(PWM_C.o)
                0x000017b4                PWM_C_WritePeriod
 .text.PWM_C_ReadPeriod
                0x000017c4       0x10 .\CortexM0\ARM_GCC_541\Debug\BLDC Motor.a(PWM_C.o)
                0x000017c4                PWM_C_ReadPeriod
 .text.PWM_C_WriteCompare
                0x000017d4       0x10 .\CortexM0\ARM_GCC_541\Debug\BLDC Motor.a(PWM_C.o)
                0x000017d4                PWM_C_WriteCompare
 .text.PWM_C_TriggerCommand
                0x000017e4       0x1c .\CortexM0\ARM_GCC_541\Debug\BLDC Motor.a(PWM_C.o)
                0x000017e4                PWM_C_TriggerCommand
 .text.PWM_C_Enable
                0x00001800       0x24 .\CortexM0\ARM_GCC_541\Debug\BLDC Motor.a(PWM_C.o)
                0x00001800                PWM_C_Enable
 .text.PWM_C_SetInterruptMode
                0x00001824        0xc .\CortexM0\ARM_GCC_541\Debug\BLDC Motor.a(PWM_C.o)
                0x00001824                PWM_C_SetInterruptMode
 .text.PWM_C_Init
                0x00001830       0x4c .\CortexM0\ARM_GCC_541\Debug\BLDC Motor.a(PWM_C.o)
                0x00001830                PWM_C_Init
 .text.PWM_C_Start
                0x0000187c       0x20 .\CortexM0\ARM_GCC_541\Debug\BLDC Motor.a(PWM_C.o)
                0x0000187c                PWM_C_Start
 .text.u_Read   0x0000189c       0x10 .\CortexM0\ARM_GCC_541\Debug\BLDC Motor.a(u.o)
                0x0000189c                u_Read
 .text.u_ClearInterrupt
                0x000018ac       0x14 .\CortexM0\ARM_GCC_541\Debug\BLDC Motor.a(u.o)
                0x000018ac                u_ClearInterrupt
 .text.v_Read   0x000018c0       0x10 .\CortexM0\ARM_GCC_541\Debug\BLDC Motor.a(v.o)
                0x000018c0                v_Read
 .text.v_ClearInterrupt
                0x000018d0       0x14 .\CortexM0\ARM_GCC_541\Debug\BLDC Motor.a(v.o)
                0x000018d0                v_ClearInterrupt
 .text.w_Read   0x000018e4       0x10 .\CortexM0\ARM_GCC_541\Debug\BLDC Motor.a(w.o)
                0x000018e4                w_Read
 .text.w_ClearInterrupt
                0x000018f4       0x10 .\CortexM0\ARM_GCC_541\Debug\BLDC Motor.a(w.o)
                0x000018f4                w_ClearInterrupt
 .text.UART_ScbModePostEnable
                0x00001904        0x8 .\CortexM0\ARM_GCC_541\Debug\BLDC Motor.a(UART.o)
 .text.UART_Init
                0x0000190c        0x8 .\CortexM0\ARM_GCC_541\Debug\BLDC Motor.a(UART.o)
                0x0000190c                UART_Init
 .text.UART_Enable
                0x00001914       0x18 .\CortexM0\ARM_GCC_541\Debug\BLDC Motor.a(UART.o)
                0x00001914                UART_Enable
 .text.UART_Start
                0x0000192c       0x20 .\CortexM0\ARM_GCC_541\Debug\BLDC Motor.a(UART.o)
                0x0000192c                UART_Start
 .text.UART_SpiUartReadRxData
                0x0000194c        0xc .\CortexM0\ARM_GCC_541\Debug\BLDC Motor.a(UART_SPI_UART.o)
                0x0000194c                UART_SpiUartReadRxData
 .text.UART_SpiUartGetRxBufferSize
                0x00001958       0x10 .\CortexM0\ARM_GCC_541\Debug\BLDC Motor.a(UART_SPI_UART.o)
                0x00001958                UART_SpiUartGetRxBufferSize
 .text.UART_SpiUartWriteTxData
                0x00001968       0x1c .\CortexM0\ARM_GCC_541\Debug\BLDC Motor.a(UART_SPI_UART.o)
                0x00001968                UART_SpiUartWriteTxData
 .text.UART_UartInit
                0x00001984       0xa8 .\CortexM0\ARM_GCC_541\Debug\BLDC Motor.a(UART_UART.o)
                0x00001984                UART_UartInit
 .text.UART_UartPostEnable
                0x00001a2c       0x24 .\CortexM0\ARM_GCC_541\Debug\BLDC Motor.a(UART_UART.o)
                0x00001a2c                UART_UartPostEnable
 .text.UART_UartGetChar
                0x00001a50       0x2c .\CortexM0\ARM_GCC_541\Debug\BLDC Motor.a(UART_UART.o)
                0x00001a50                UART_UartGetChar
 .text.CTRL_Write
                0x00001a7c       0x18 .\CortexM0\ARM_GCC_541\Debug\BLDC Motor.a(CTRL.o)
                0x00001a7c                CTRL_Write
 .text.Counter_micros_Enable
                0x00001a94       0x14 .\CortexM0\ARM_GCC_541\Debug\BLDC Motor.a(Counter_micros.o)
                0x00001a94                Counter_micros_Enable
 .text.Counter_micros_SetInterruptMode
                0x00001aa8        0xc .\CortexM0\ARM_GCC_541\Debug\BLDC Motor.a(Counter_micros.o)
                0x00001aa8                Counter_micros_SetInterruptMode
 .text.Counter_micros_ReadStatusRegister
                0x00001ab4        0xc .\CortexM0\ARM_GCC_541\Debug\BLDC Motor.a(Counter_micros.o)
                0x00001ab4                Counter_micros_ReadStatusRegister
 .text.Counter_micros_WriteCounter
                0x00001ac0        0xc .\CortexM0\ARM_GCC_541\Debug\BLDC Motor.a(Counter_micros.o)
                0x00001ac0                Counter_micros_WriteCounter
 .text.Counter_micros_ReadCounter
                0x00001acc       0x14 .\CortexM0\ARM_GCC_541\Debug\BLDC Motor.a(Counter_micros.o)
                0x00001acc                Counter_micros_ReadCounter
 .text.Counter_micros_ReadCapture
                0x00001ae0        0xc .\CortexM0\ARM_GCC_541\Debug\BLDC Motor.a(Counter_micros.o)
                0x00001ae0                Counter_micros_ReadCapture
 .text.Counter_micros_WritePeriod
                0x00001aec        0xc .\CortexM0\ARM_GCC_541\Debug\BLDC Motor.a(Counter_micros.o)
                0x00001aec                Counter_micros_WritePeriod
 .text.Counter_micros_WriteCompare
                0x00001af8        0xc .\CortexM0\ARM_GCC_541\Debug\BLDC Motor.a(Counter_micros.o)
                0x00001af8                Counter_micros_WriteCompare
 .text.Counter_micros_ReadCompare
                0x00001b04        0xc .\CortexM0\ARM_GCC_541\Debug\BLDC Motor.a(Counter_micros.o)
                0x00001b04                Counter_micros_ReadCompare
 .text.Counter_micros_ClearFIFO
                0x00001b10       0x14 .\CortexM0\ARM_GCC_541\Debug\BLDC Motor.a(Counter_micros.o)
                0x00001b10                Counter_micros_ClearFIFO
 .text.Counter_micros_Init
                0x00001b24       0x58 .\CortexM0\ARM_GCC_541\Debug\BLDC Motor.a(Counter_micros.o)
                0x00001b24                Counter_micros_Init
 .text.Counter_micros_Start
                0x00001b7c       0x20 .\CortexM0\ARM_GCC_541\Debug\BLDC Motor.a(Counter_micros.o)
                0x00001b7c                Counter_micros_Start
 .text.isr_millis_SetVector
                0x00001b9c        0xc .\CortexM0\ARM_GCC_541\Debug\BLDC Motor.a(isr_millis.o)
                0x00001b9c                isr_millis_SetVector
 .text.isr_millis_SetPriority
                0x00001ba8       0x20 .\CortexM0\ARM_GCC_541\Debug\BLDC Motor.a(isr_millis.o)
                0x00001ba8                isr_millis_SetPriority
 .text.isr_millis_Enable
                0x00001bc8        0xc .\CortexM0\ARM_GCC_541\Debug\BLDC Motor.a(isr_millis.o)
                0x00001bc8                isr_millis_Enable
 .text.isr_millis_Disable
                0x00001bd4        0xc .\CortexM0\ARM_GCC_541\Debug\BLDC Motor.a(isr_millis.o)
                0x00001bd4                isr_millis_Disable
 .text.isr_millis_StartEx
                0x00001be0       0x1c .\CortexM0\ARM_GCC_541\Debug\BLDC Motor.a(isr_millis.o)
                0x00001be0                isr_millis_StartEx
 .text.isr_uf_SetVector
                0x00001bfc        0xc .\CortexM0\ARM_GCC_541\Debug\BLDC Motor.a(isr_uf.o)
                0x00001bfc                isr_uf_SetVector
 .text.isr_uf_SetPriority
                0x00001c08       0x24 .\CortexM0\ARM_GCC_541\Debug\BLDC Motor.a(isr_uf.o)
                0x00001c08                isr_uf_SetPriority
 .text.isr_uf_Enable
                0x00001c2c        0xc .\CortexM0\ARM_GCC_541\Debug\BLDC Motor.a(isr_uf.o)
                0x00001c2c                isr_uf_Enable
 .text.isr_uf_Disable
                0x00001c38        0xc .\CortexM0\ARM_GCC_541\Debug\BLDC Motor.a(isr_uf.o)
                0x00001c38                isr_uf_Disable
 .text.isr_uf_StartEx
                0x00001c44       0x1c .\CortexM0\ARM_GCC_541\Debug\BLDC Motor.a(isr_uf.o)
                0x00001c44                isr_uf_StartEx
 .text.isr_vf_SetVector
                0x00001c60        0xc .\CortexM0\ARM_GCC_541\Debug\BLDC Motor.a(isr_vf.o)
                0x00001c60                isr_vf_SetVector
 .text.isr_vf_SetPriority
                0x00001c6c       0x20 .\CortexM0\ARM_GCC_541\Debug\BLDC Motor.a(isr_vf.o)
                0x00001c6c                isr_vf_SetPriority
 .text.isr_vf_Enable
                0x00001c8c        0xc .\CortexM0\ARM_GCC_541\Debug\BLDC Motor.a(isr_vf.o)
                0x00001c8c                isr_vf_Enable
 .text.isr_vf_Disable
                0x00001c98        0xc .\CortexM0\ARM_GCC_541\Debug\BLDC Motor.a(isr_vf.o)
                0x00001c98                isr_vf_Disable
 .text.isr_vf_StartEx
                0x00001ca4       0x1c .\CortexM0\ARM_GCC_541\Debug\BLDC Motor.a(isr_vf.o)
                0x00001ca4                isr_vf_StartEx
 .text.isr_wf_SetVector
                0x00001cc0        0xc .\CortexM0\ARM_GCC_541\Debug\BLDC Motor.a(isr_wf.o)
                0x00001cc0                isr_wf_SetVector
 .text.isr_wf_SetPriority
                0x00001ccc       0x24 .\CortexM0\ARM_GCC_541\Debug\BLDC Motor.a(isr_wf.o)
                0x00001ccc                isr_wf_SetPriority
 .text.isr_wf_Enable
                0x00001cf0        0xc .\CortexM0\ARM_GCC_541\Debug\BLDC Motor.a(isr_wf.o)
                0x00001cf0                isr_wf_Enable
 .text.isr_wf_Disable
                0x00001cfc        0xc .\CortexM0\ARM_GCC_541\Debug\BLDC Motor.a(isr_wf.o)
                0x00001cfc                isr_wf_Disable
 .text.isr_wf_StartEx
                0x00001d08       0x1c .\CortexM0\ARM_GCC_541\Debug\BLDC Motor.a(isr_wf.o)
                0x00001d08                isr_wf_StartEx
 .text.isr_wr_SetVector
                0x00001d24        0xc .\CortexM0\ARM_GCC_541\Debug\BLDC Motor.a(isr_wr.o)
                0x00001d24                isr_wr_SetVector
 .text.isr_wr_SetPriority
                0x00001d30       0x24 .\CortexM0\ARM_GCC_541\Debug\BLDC Motor.a(isr_wr.o)
                0x00001d30                isr_wr_SetPriority
 .text.isr_wr_Enable
                0x00001d54        0xc .\CortexM0\ARM_GCC_541\Debug\BLDC Motor.a(isr_wr.o)
                0x00001d54                isr_wr_Enable
 .text.isr_wr_Disable
                0x00001d60        0xc .\CortexM0\ARM_GCC_541\Debug\BLDC Motor.a(isr_wr.o)
                0x00001d60                isr_wr_Disable
 .text.isr_wr_StartEx
                0x00001d6c       0x1c .\CortexM0\ARM_GCC_541\Debug\BLDC Motor.a(isr_wr.o)
                0x00001d6c                isr_wr_StartEx
 .text.isr_vr_SetVector
                0x00001d88        0xc .\CortexM0\ARM_GCC_541\Debug\BLDC Motor.a(isr_vr.o)
                0x00001d88                isr_vr_SetVector
 .text.isr_vr_SetPriority
                0x00001d94       0x20 .\CortexM0\ARM_GCC_541\Debug\BLDC Motor.a(isr_vr.o)
                0x00001d94                isr_vr_SetPriority
 .text.isr_vr_Enable
                0x00001db4        0xc .\CortexM0\ARM_GCC_541\Debug\BLDC Motor.a(isr_vr.o)
                0x00001db4                isr_vr_Enable
 .text.isr_vr_Disable
                0x00001dc0        0xc .\CortexM0\ARM_GCC_541\Debug\BLDC Motor.a(isr_vr.o)
                0x00001dc0                isr_vr_Disable
 .text.isr_vr_StartEx
                0x00001dcc       0x1c .\CortexM0\ARM_GCC_541\Debug\BLDC Motor.a(isr_vr.o)
                0x00001dcc                isr_vr_StartEx
 .text.isr_ur_SetVector
                0x00001de8        0xc .\CortexM0\ARM_GCC_541\Debug\BLDC Motor.a(isr_ur.o)
                0x00001de8                isr_ur_SetVector
 .text.isr_ur_SetPriority
                0x00001df4       0x24 .\CortexM0\ARM_GCC_541\Debug\BLDC Motor.a(isr_ur.o)
                0x00001df4                isr_ur_SetPriority
 .text.isr_ur_Enable
                0x00001e18        0xc .\CortexM0\ARM_GCC_541\Debug\BLDC Motor.a(isr_ur.o)
                0x00001e18                isr_ur_Enable
 .text.isr_ur_Disable
                0x00001e24        0xc .\CortexM0\ARM_GCC_541\Debug\BLDC Motor.a(isr_ur.o)
                0x00001e24                isr_ur_Disable
 .text.isr_ur_StartEx
                0x00001e30       0x1c .\CortexM0\ARM_GCC_541\Debug\BLDC Motor.a(isr_ur.o)
                0x00001e30                isr_ur_StartEx
 *fill*         0x00001e4c        0x4 
 .text          0x00001e50       0x20 .\CortexM0\ARM_GCC_541\Debug\BLDC Motor.a(CyBootAsmGnu.o)
                0x00001e50                CyDelayCycles
                0x00001e62                CyEnterCriticalSection
                0x00001e6a                CyExitCriticalSection
 .text.CySysFlashSetWaitCycles
                0x00001e70       0x54 .\CortexM0\ARM_GCC_541\Debug\BLDC Motor.a(CyFlash.o)
                0x00001e70                CySysFlashSetWaitCycles
 .text          0x00001ec4      0x114 c:/program files (x86)/cypress/psoc creator/4.4/psoc creator/import/gnu/arm/5.4.1/bin/../lib/gcc/arm-none-eabi/5.4.1/armv6-m\libgcc.a(_udivsi3.o)
                0x00001ec4                __aeabi_uidiv
                0x00001ec4                __udivsi3
                0x00001fd0                __aeabi_uidivmod
 .text          0x00001fd8      0x1d4 c:/program files (x86)/cypress/psoc creator/4.4/psoc creator/import/gnu/arm/5.4.1/bin/../lib/gcc/arm-none-eabi/5.4.1/armv6-m\libgcc.a(_divsi3.o)
                0x00001fd8                __divsi3
                0x00001fd8                __aeabi_idiv
                0x000021a4                __aeabi_idivmod
 .text          0x000021ac        0x4 c:/program files (x86)/cypress/psoc creator/4.4/psoc creator/import/gnu/arm/5.4.1/bin/../lib/gcc/arm-none-eabi/5.4.1/armv6-m\libgcc.a(_dvmd_tls.o)
                0x000021ac                __aeabi_idiv0
                0x000021ac                __aeabi_ldiv0
 .text          0x000021b0       0x7c c:/program files (x86)/cypress/psoc creator/4.4/psoc creator/import/gnu/arm/5.4.1/bin/../lib/gcc/arm-none-eabi/5.4.1/armv6-m\libgcc.a(_arm_cmpdf2.o)
                0x000021b0                __aeabi_cdrcmple
                0x000021c0                __aeabi_cdcmple
                0x000021c0                __aeabi_cdcmpeq
                0x000021d0                __aeabi_dcmpeq
                0x000021dc                __aeabi_dcmplt
                0x000021f0                __aeabi_dcmple
                0x00002204                __aeabi_dcmpgt
                0x00002218                __aeabi_dcmpge
 .text          0x0000222c       0x74 c:/program files (x86)/cypress/psoc creator/4.4/psoc creator/import/gnu/arm/5.4.1/bin/../lib/gcc/arm-none-eabi/5.4.1/armv6-m\libgcc.a(_arm_cmpsf2.o)
                0x0000222c                __aeabi_cfrcmple
                0x00002234                __aeabi_cfcmpeq
                0x00002234                __aeabi_cfcmple
                0x00002244                __aeabi_fcmpeq
                0x00002250                __aeabi_fcmplt
                0x00002264                __aeabi_fcmple
                0x00002278                __aeabi_fcmpgt
                0x0000228c                __aeabi_fcmpge
 .text          0x000022a0       0x30 c:/program files (x86)/cypress/psoc creator/4.4/psoc creator/import/gnu/arm/5.4.1/bin/../lib/gcc/arm-none-eabi/5.4.1/armv6-m\libgcc.a(_fixunssfsi.o)
                0x000022a0                __fixunssfsi
                0x000022a0                __aeabi_f2uiz
 .text          0x000022d0       0x3c c:/program files (x86)/cypress/psoc creator/4.4/psoc creator/import/gnu/arm/5.4.1/bin/../lib/gcc/arm-none-eabi/5.4.1/armv6-m\libgcc.a(_fixunsdfsi.o)
                0x000022d0                __aeabi_d2uiz
                0x000022d0                __fixunsdfsi
 .text          0x0000230c      0x2ec c:/program files (x86)/cypress/psoc creator/4.4/psoc creator/import/gnu/arm/5.4.1/bin/../lib/gcc/arm-none-eabi/5.4.1/armv6-m\libgcc.a(addsf3.o)
                0x0000230c                __aeabi_fadd
 .text          0x000025f8      0x234 c:/program files (x86)/cypress/psoc creator/4.4/psoc creator/import/gnu/arm/5.4.1/bin/../lib/gcc/arm-none-eabi/5.4.1/armv6-m\libgcc.a(divsf3.o)
                0x000025f8                __aeabi_fdiv
 .text          0x0000282c       0x50 c:/program files (x86)/cypress/psoc creator/4.4/psoc creator/import/gnu/arm/5.4.1/bin/../lib/gcc/arm-none-eabi/5.4.1/armv6-m\libgcc.a(eqsf2.o)
                0x0000282c                __eqsf2
                0x0000282c                __nesf2
 .text          0x0000287c       0x88 c:/program files (x86)/cypress/psoc creator/4.4/psoc creator/import/gnu/arm/5.4.1/bin/../lib/gcc/arm-none-eabi/5.4.1/armv6-m\libgcc.a(gesf2.o)
                0x0000287c                __gesf2
                0x0000287c                __gtsf2
 .text          0x00002904       0x88 c:/program files (x86)/cypress/psoc creator/4.4/psoc creator/import/gnu/arm/5.4.1/bin/../lib/gcc/arm-none-eabi/5.4.1/armv6-m\libgcc.a(lesf2.o)
                0x00002904                __ltsf2
                0x00002904                __lesf2
 .text          0x0000298c      0x228 c:/program files (x86)/cypress/psoc creator/4.4/psoc creator/import/gnu/arm/5.4.1/bin/../lib/gcc/arm-none-eabi/5.4.1/armv6-m\libgcc.a(mulsf3.o)
                0x0000298c                __aeabi_fmul
 .text          0x00002bb4      0x30c c:/program files (x86)/cypress/psoc creator/4.4/psoc creator/import/gnu/arm/5.4.1/bin/../lib/gcc/arm-none-eabi/5.4.1/armv6-m\libgcc.a(subsf3.o)
                0x00002bb4                __aeabi_fsub
 .text          0x00002ec0       0x44 c:/program files (x86)/cypress/psoc creator/4.4/psoc creator/import/gnu/arm/5.4.1/bin/../lib/gcc/arm-none-eabi/5.4.1/armv6-m\libgcc.a(fixsfsi.o)
                0x00002ec0                __aeabi_f2iz
 .text          0x00002f04       0x90 c:/program files (x86)/cypress/psoc creator/4.4/psoc creator/import/gnu/arm/5.4.1/bin/../lib/gcc/arm-none-eabi/5.4.1/armv6-m\libgcc.a(floatsisf.o)
                0x00002f04                __aeabi_i2f
 .text          0x00002f94       0x7c c:/program files (x86)/cypress/psoc creator/4.4/psoc creator/import/gnu/arm/5.4.1/bin/../lib/gcc/arm-none-eabi/5.4.1/armv6-m\libgcc.a(floatunsisf.o)
                0x00002f94                __aeabi_ui2f
 .text          0x00003010      0x62c c:/program files (x86)/cypress/psoc creator/4.4/psoc creator/import/gnu/arm/5.4.1/bin/../lib/gcc/arm-none-eabi/5.4.1/armv6-m\libgcc.a(divdf3.o)
                0x00003010                __aeabi_ddiv
 .text          0x0000363c       0x80 c:/program files (x86)/cypress/psoc creator/4.4/psoc creator/import/gnu/arm/5.4.1/bin/../lib/gcc/arm-none-eabi/5.4.1/armv6-m\libgcc.a(eqdf2.o)
                0x0000363c                __nedf2
                0x0000363c                __eqdf2
 .text          0x000036bc       0xc8 c:/program files (x86)/cypress/psoc creator/4.4/psoc creator/import/gnu/arm/5.4.1/bin/../lib/gcc/arm-none-eabi/5.4.1/armv6-m\libgcc.a(gedf2.o)
                0x000036bc                __gedf2
                0x000036bc                __gtdf2
 .text          0x00003784       0xd4 c:/program files (x86)/cypress/psoc creator/4.4/psoc creator/import/gnu/arm/5.4.1/bin/../lib/gcc/arm-none-eabi/5.4.1/armv6-m\libgcc.a(ledf2.o)
                0x00003784                __ledf2
                0x00003784                __ltdf2
 .text          0x00003858      0x4f4 c:/program files (x86)/cypress/psoc creator/4.4/psoc creator/import/gnu/arm/5.4.1/bin/../lib/gcc/arm-none-eabi/5.4.1/armv6-m\libgcc.a(muldf3.o)
                0x00003858                __aeabi_dmul
 .text          0x00003d4c      0x6a8 c:/program files (x86)/cypress/psoc creator/4.4/psoc creator/import/gnu/arm/5.4.1/bin/../lib/gcc/arm-none-eabi/5.4.1/armv6-m\libgcc.a(subdf3.o)
                0x00003d4c                __aeabi_dsub
 .text          0x000043f4       0x6c c:/program files (x86)/cypress/psoc creator/4.4/psoc creator/import/gnu/arm/5.4.1/bin/../lib/gcc/arm-none-eabi/5.4.1/armv6-m\libgcc.a(fixdfsi.o)
                0x000043f4                __aeabi_d2iz
 .text          0x00004460       0x70 c:/program files (x86)/cypress/psoc creator/4.4/psoc creator/import/gnu/arm/5.4.1/bin/../lib/gcc/arm-none-eabi/5.4.1/armv6-m\libgcc.a(floatunsidf.o)
                0x00004460                __aeabi_ui2d
 .text          0x000044d0       0xa8 c:/program files (x86)/cypress/psoc creator/4.4/psoc creator/import/gnu/arm/5.4.1/bin/../lib/gcc/arm-none-eabi/5.4.1/armv6-m\libgcc.a(extendsfdf2.o)
                0x000044d0                __aeabi_f2d
 .text          0x00004578      0x118 c:/program files (x86)/cypress/psoc creator/4.4/psoc creator/import/gnu/arm/5.4.1/bin/../lib/gcc/arm-none-eabi/5.4.1/armv6-m\libgcc.a(truncdfsf2.o)
                0x00004578                __aeabi_d2f
 .text          0x00004690       0x3c c:/program files (x86)/cypress/psoc creator/4.4/psoc creator/import/gnu/arm/5.4.1/bin/../lib/gcc/arm-none-eabi/5.4.1/armv6-m\libgcc.a(_clzsi2.o)
                0x00004690                __clzsi2
 .text.atof     0x000046cc        0xa c:/program files (x86)/cypress/psoc creator/4.4/psoc creator/import/gnu/arm/5.4.1/bin/../lib/gcc/arm-none-eabi/5.4.1/../../../../arm-none-eabi/lib/armv6-m\libg_nano.a(lib_a-atof.o)
                0x000046cc                atof
 *fill*         0x000046d6        0x2 
 .text.__errno  0x000046d8        0xc c:/program files (x86)/cypress/psoc creator/4.4/psoc creator/import/gnu/arm/5.4.1/bin/../lib/gcc/arm-none-eabi/5.4.1/../../../../arm-none-eabi/lib/armv6-m\libg_nano.a(lib_a-errno.o)
                0x000046d8                __errno
 .text.__libc_init_array
                0x000046e4       0x4c c:/program files (x86)/cypress/psoc creator/4.4/psoc creator/import/gnu/arm/5.4.1/bin/../lib/gcc/arm-none-eabi/5.4.1/../../../../arm-none-eabi/lib/armv6-m\libg_nano.a(lib_a-init.o)
                0x000046e4                __libc_init_array
 .text.memcpy   0x00004730       0x12 c:/program files (x86)/cypress/psoc creator/4.4/psoc creator/import/gnu/arm/5.4.1/bin/../lib/gcc/arm-none-eabi/5.4.1/../../../../arm-none-eabi/lib/armv6-m\libg_nano.a(lib_a-memcpy-stub.o)
                0x00004730                memcpy
 .text.memset   0x00004742       0x10 c:/program files (x86)/cypress/psoc creator/4.4/psoc creator/import/gnu/arm/5.4.1/bin/../lib/gcc/arm-none-eabi/5.4.1/../../../../arm-none-eabi/lib/armv6-m\libg_nano.a(lib_a-memset.o)
                0x00004742                memset
 *fill*         0x00004752        0x2 
 .text.printf   0x00004754       0x34 c:/program files (x86)/cypress/psoc creator/4.4/psoc creator/import/gnu/arm/5.4.1/bin/../lib/gcc/arm-none-eabi/5.4.1/../../../../arm-none-eabi/lib/armv6-m\libg_nano.a(lib_a-printf.o)
                0x00004754                iprintf
                0x00004754                printf
 .text.putchar  0x00004788       0x28 c:/program files (x86)/cypress/psoc creator/4.4/psoc creator/import/gnu/arm/5.4.1/bin/../lib/gcc/arm-none-eabi/5.4.1/../../../../arm-none-eabi/lib/armv6-m\libg_nano.a(lib_a-putchar.o)
                0x00004788                putchar
 .text._puts_r  0x000047b0       0xc4 c:/program files (x86)/cypress/psoc creator/4.4/psoc creator/import/gnu/arm/5.4.1/bin/../lib/gcc/arm-none-eabi/5.4.1/../../../../arm-none-eabi/lib/armv6-m\libg_nano.a(lib_a-puts.o)
                0x000047b0                _puts_r
 .text.puts     0x00004874       0x14 c:/program files (x86)/cypress/psoc creator/4.4/psoc creator/import/gnu/arm/5.4.1/bin/../lib/gcc/arm-none-eabi/5.4.1/../../../../arm-none-eabi/lib/armv6-m\libg_nano.a(lib_a-puts.o)
                0x00004874                puts
 .text.unlikely.sulp
                0x00004888       0x30 c:/program files (x86)/cypress/psoc creator/4.4/psoc creator/import/gnu/arm/5.4.1/bin/../lib/gcc/arm-none-eabi/5.4.1/../../../../arm-none-eabi/lib/armv6-m\libg_nano.a(lib_a-strtod.o)
 .text._strtod_r
                0x000048b8      0xc60 c:/program files (x86)/cypress/psoc creator/4.4/psoc creator/import/gnu/arm/5.4.1/bin/../lib/gcc/arm-none-eabi/5.4.1/../../../../arm-none-eabi/lib/armv6-m\libg_nano.a(lib_a-strtod.o)
                0x000048b8                _strtod_r
 .text.strtod   0x00005518       0x14 c:/program files (x86)/cypress/psoc creator/4.4/psoc creator/import/gnu/arm/5.4.1/bin/../lib/gcc/arm-none-eabi/5.4.1/../../../../arm-none-eabi/lib/armv6-m\libg_nano.a(lib_a-strtod.o)
                0x00005518                strtod
 .text.__swbuf_r
                0x0000552c       0xb0 c:/program files (x86)/cypress/psoc creator/4.4/psoc creator/import/gnu/arm/5.4.1/bin/../lib/gcc/arm-none-eabi/5.4.1/../../../../arm-none-eabi/lib/armv6-m\libg_nano.a(lib_a-wbuf.o)
                0x0000552c                __swbuf_r
 .text.__swsetup_r
                0x000055dc       0xec c:/program files (x86)/cypress/psoc creator/4.4/psoc creator/import/gnu/arm/5.4.1/bin/../lib/gcc/arm-none-eabi/5.4.1/../../../../arm-none-eabi/lib/armv6-m\libg_nano.a(lib_a-wsetup.o)
                0x000055dc                __swsetup_r
 .text.__sflush_r
                0x000056c8      0x10c c:/program files (x86)/cypress/psoc creator/4.4/psoc creator/import/gnu/arm/5.4.1/bin/../lib/gcc/arm-none-eabi/5.4.1/../../../../arm-none-eabi/lib/armv6-m\libg_nano.a(lib_a-fflush.o)
                0x000056c8                __sflush_r
 .text._fflush_r
                0x000057d4       0x58 c:/program files (x86)/cypress/psoc creator/4.4/psoc creator/import/gnu/arm/5.4.1/bin/../lib/gcc/arm-none-eabi/5.4.1/../../../../arm-none-eabi/lib/armv6-m\libg_nano.a(lib_a-fflush.o)
                0x000057d4                _fflush_r
 .text._cleanup_r
                0x0000582c       0x10 c:/program files (x86)/cypress/psoc creator/4.4/psoc creator/import/gnu/arm/5.4.1/bin/../lib/gcc/arm-none-eabi/5.4.1/../../../../arm-none-eabi/lib/armv6-m\libg_nano.a(lib_a-findfp.o)
                0x0000582c                _cleanup_r
 .text.std.isra.0
                0x0000583c       0x48 c:/program files (x86)/cypress/psoc creator/4.4/psoc creator/import/gnu/arm/5.4.1/bin/../lib/gcc/arm-none-eabi/5.4.1/../../../../arm-none-eabi/lib/armv6-m\libg_nano.a(lib_a-findfp.o)
 .text.__sfmoreglue
                0x00005884       0x2c c:/program files (x86)/cypress/psoc creator/4.4/psoc creator/import/gnu/arm/5.4.1/bin/../lib/gcc/arm-none-eabi/5.4.1/../../../../arm-none-eabi/lib/armv6-m\libg_nano.a(lib_a-findfp.o)
                0x00005884                __sfmoreglue
 .text.__sinit  0x000058b0       0x68 c:/program files (x86)/cypress/psoc creator/4.4/psoc creator/import/gnu/arm/5.4.1/bin/../lib/gcc/arm-none-eabi/5.4.1/../../../../arm-none-eabi/lib/armv6-m\libg_nano.a(lib_a-findfp.o)
                0x000058b0                __sinit
 .text.__sfp    0x00005918       0x7c c:/program files (x86)/cypress/psoc creator/4.4/psoc creator/import/gnu/arm/5.4.1/bin/../lib/gcc/arm-none-eabi/5.4.1/../../../../arm-none-eabi/lib/armv6-m\libg_nano.a(lib_a-findfp.o)
                0x00005918                __sfp
 .text._fwalk_reent
                0x00005994       0x42 c:/program files (x86)/cypress/psoc creator/4.4/psoc creator/import/gnu/arm/5.4.1/bin/../lib/gcc/arm-none-eabi/5.4.1/../../../../arm-none-eabi/lib/armv6-m\libg_nano.a(lib_a-fwalk.o)
                0x00005994                _fwalk_reent
 .text.rshift   0x000059d6       0x68 c:/program files (x86)/cypress/psoc creator/4.4/psoc creator/import/gnu/arm/5.4.1/bin/../lib/gcc/arm-none-eabi/5.4.1/../../../../arm-none-eabi/lib/armv6-m\libg_nano.a(lib_a-gdtoa-gethex.o)
 .text.__hexdig_fun
                0x00005a3e       0x2a c:/program files (x86)/cypress/psoc creator/4.4/psoc creator/import/gnu/arm/5.4.1/bin/../lib/gcc/arm-none-eabi/5.4.1/../../../../arm-none-eabi/lib/armv6-m\libg_nano.a(lib_a-gdtoa-gethex.o)
                0x00005a3e                __hexdig_fun
 .text.__gethex
                0x00005a68      0x454 c:/program files (x86)/cypress/psoc creator/4.4/psoc creator/import/gnu/arm/5.4.1/bin/../lib/gcc/arm-none-eabi/5.4.1/../../../../arm-none-eabi/lib/armv6-m\libg_nano.a(lib_a-gdtoa-gethex.o)
                0x00005a68                __gethex
 .text.L_shift  0x00005ebc       0x24 c:/program files (x86)/cypress/psoc creator/4.4/psoc creator/import/gnu/arm/5.4.1/bin/../lib/gcc/arm-none-eabi/5.4.1/../../../../arm-none-eabi/lib/armv6-m\libg_nano.a(lib_a-gdtoa-hexnan.o)
 .text.__match  0x00005ee0       0x28 c:/program files (x86)/cypress/psoc creator/4.4/psoc creator/import/gnu/arm/5.4.1/bin/../lib/gcc/arm-none-eabi/5.4.1/../../../../arm-none-eabi/lib/armv6-m\libg_nano.a(lib_a-gdtoa-hexnan.o)
                0x00005ee0                __match
 .text.__hexnan
                0x00005f08      0x12e c:/program files (x86)/cypress/psoc creator/4.4/psoc creator/import/gnu/arm/5.4.1/bin/../lib/gcc/arm-none-eabi/5.4.1/../../../../arm-none-eabi/lib/armv6-m\libg_nano.a(lib_a-gdtoa-hexnan.o)
                0x00005f08                __hexnan
 *fill*         0x00006036        0x2 
 .text._localeconv_r
                0x00006038        0x8 c:/program files (x86)/cypress/psoc creator/4.4/psoc creator/import/gnu/arm/5.4.1/bin/../lib/gcc/arm-none-eabi/5.4.1/../../../../arm-none-eabi/lib/armv6-m\libg_nano.a(lib_a-locale.o)
                0x00006038                _localeconv_r
 .text.__swhatbuf_r
                0x00006040       0x4c c:/program files (x86)/cypress/psoc creator/4.4/psoc creator/import/gnu/arm/5.4.1/bin/../lib/gcc/arm-none-eabi/5.4.1/../../../../arm-none-eabi/lib/armv6-m\libg_nano.a(lib_a-makebuf.o)
                0x00006040                __swhatbuf_r
 .text.__smakebuf_r
                0x0000608c       0x7c c:/program files (x86)/cypress/psoc creator/4.4/psoc creator/import/gnu/arm/5.4.1/bin/../lib/gcc/arm-none-eabi/5.4.1/../../../../arm-none-eabi/lib/armv6-m\libg_nano.a(lib_a-makebuf.o)
                0x0000608c                __smakebuf_r
 .text._Balloc  0x00006108       0x70 c:/program files (x86)/cypress/psoc creator/4.4/psoc creator/import/gnu/arm/5.4.1/bin/../lib/gcc/arm-none-eabi/5.4.1/../../../../arm-none-eabi/lib/armv6-m\libg_nano.a(lib_a-mprec.o)
                0x00006108                _Balloc
 .text._Bfree   0x00006178       0x32 c:/program files (x86)/cypress/psoc creator/4.4/psoc creator/import/gnu/arm/5.4.1/bin/../lib/gcc/arm-none-eabi/5.4.1/../../../../arm-none-eabi/lib/armv6-m\libg_nano.a(lib_a-mprec.o)
                0x00006178                _Bfree
 .text.__multadd
                0x000061aa       0x7a c:/program files (x86)/cypress/psoc creator/4.4/psoc creator/import/gnu/arm/5.4.1/bin/../lib/gcc/arm-none-eabi/5.4.1/../../../../arm-none-eabi/lib/armv6-m\libg_nano.a(lib_a-mprec.o)
                0x000061aa                __multadd
 .text.__s2b    0x00006224       0x7c c:/program files (x86)/cypress/psoc creator/4.4/psoc creator/import/gnu/arm/5.4.1/bin/../lib/gcc/arm-none-eabi/5.4.1/../../../../arm-none-eabi/lib/armv6-m\libg_nano.a(lib_a-mprec.o)
                0x00006224                __s2b
 .text.__hi0bits
                0x000062a0       0x36 c:/program files (x86)/cypress/psoc creator/4.4/psoc creator/import/gnu/arm/5.4.1/bin/../lib/gcc/arm-none-eabi/5.4.1/../../../../arm-none-eabi/lib/armv6-m\libg_nano.a(lib_a-mprec.o)
                0x000062a0                __hi0bits
 .text.__lo0bits
                0x000062d6       0x5e c:/program files (x86)/cypress/psoc creator/4.4/psoc creator/import/gnu/arm/5.4.1/bin/../lib/gcc/arm-none-eabi/5.4.1/../../../../arm-none-eabi/lib/armv6-m\libg_nano.a(lib_a-mprec.o)
                0x000062d6                __lo0bits
 .text.__i2b    0x00006334       0x12 c:/program files (x86)/cypress/psoc creator/4.4/psoc creator/import/gnu/arm/5.4.1/bin/../lib/gcc/arm-none-eabi/5.4.1/../../../../arm-none-eabi/lib/armv6-m\libg_nano.a(lib_a-mprec.o)
                0x00006334                __i2b
 .text.__multiply
                0x00006346      0x112 c:/program files (x86)/cypress/psoc creator/4.4/psoc creator/import/gnu/arm/5.4.1/bin/../lib/gcc/arm-none-eabi/5.4.1/../../../../arm-none-eabi/lib/armv6-m\libg_nano.a(lib_a-mprec.o)
                0x00006346                __multiply
 .text.__pow5mult
                0x00006458       0xa8 c:/program files (x86)/cypress/psoc creator/4.4/psoc creator/import/gnu/arm/5.4.1/bin/../lib/gcc/arm-none-eabi/5.4.1/../../../../arm-none-eabi/lib/armv6-m\libg_nano.a(lib_a-mprec.o)
                0x00006458                __pow5mult
 .text.__lshift
                0x00006500       0xa4 c:/program files (x86)/cypress/psoc creator/4.4/psoc creator/import/gnu/arm/5.4.1/bin/../lib/gcc/arm-none-eabi/5.4.1/../../../../arm-none-eabi/lib/armv6-m\libg_nano.a(lib_a-mprec.o)
                0x00006500                __lshift
 .text.__mcmp   0x000065a4       0x36 c:/program files (x86)/cypress/psoc creator/4.4/psoc creator/import/gnu/arm/5.4.1/bin/../lib/gcc/arm-none-eabi/5.4.1/../../../../arm-none-eabi/lib/armv6-m\libg_nano.a(lib_a-mprec.o)
                0x000065a4                __mcmp
 .text.__mdiff  0x000065da       0xd6 c:/program files (x86)/cypress/psoc creator/4.4/psoc creator/import/gnu/arm/5.4.1/bin/../lib/gcc/arm-none-eabi/5.4.1/../../../../arm-none-eabi/lib/armv6-m\libg_nano.a(lib_a-mprec.o)
                0x000065da                __mdiff
 .text.__ulp    0x000066b0       0x48 c:/program files (x86)/cypress/psoc creator/4.4/psoc creator/import/gnu/arm/5.4.1/bin/../lib/gcc/arm-none-eabi/5.4.1/../../../../arm-none-eabi/lib/armv6-m\libg_nano.a(lib_a-mprec.o)
                0x000066b0                __ulp
 .text.__b2d    0x000066f8       0x98 c:/program files (x86)/cypress/psoc creator/4.4/psoc creator/import/gnu/arm/5.4.1/bin/../lib/gcc/arm-none-eabi/5.4.1/../../../../arm-none-eabi/lib/armv6-m\libg_nano.a(lib_a-mprec.o)
                0x000066f8                __b2d
 .text.__d2b    0x00006790       0xa8 c:/program files (x86)/cypress/psoc creator/4.4/psoc creator/import/gnu/arm/5.4.1/bin/../lib/gcc/arm-none-eabi/5.4.1/../../../../arm-none-eabi/lib/armv6-m\libg_nano.a(lib_a-mprec.o)
                0x00006790                __d2b
 .text.__ratio  0x00006838       0x50 c:/program files (x86)/cypress/psoc creator/4.4/psoc creator/import/gnu/arm/5.4.1/bin/../lib/gcc/arm-none-eabi/5.4.1/../../../../arm-none-eabi/lib/armv6-m\libg_nano.a(lib_a-mprec.o)
                0x00006838                __ratio
 .text.__copybits
                0x00006888       0x2c c:/program files (x86)/cypress/psoc creator/4.4/psoc creator/import/gnu/arm/5.4.1/bin/../lib/gcc/arm-none-eabi/5.4.1/../../../../arm-none-eabi/lib/armv6-m\libg_nano.a(lib_a-mprec.o)
                0x00006888                __copybits
 .text.__any_on
                0x000068b4       0x42 c:/program files (x86)/cypress/psoc creator/4.4/psoc creator/import/gnu/arm/5.4.1/bin/../lib/gcc/arm-none-eabi/5.4.1/../../../../arm-none-eabi/lib/armv6-m\libg_nano.a(lib_a-mprec.o)
                0x000068b4                __any_on
 .text._calloc_r
                0x000068f6       0x1c c:/program files (x86)/cypress/psoc creator/4.4/psoc creator/import/gnu/arm/5.4.1/bin/../lib/gcc/arm-none-eabi/5.4.1/../../../../arm-none-eabi/lib/armv6-m\libg_nano.a(lib_a-nano-callocr.o)
                0x000068f6                _calloc_r
 *fill*         0x00006912        0x2 
 .text._free_r  0x00006914       0x98 c:/program files (x86)/cypress/psoc creator/4.4/psoc creator/import/gnu/arm/5.4.1/bin/../lib/gcc/arm-none-eabi/5.4.1/../../../../arm-none-eabi/lib/armv6-m\libg_nano.a(lib_a-nano-freer.o)
                0x00006914                _free_r
 .text._malloc_r
                0x000069ac       0xc0 c:/program files (x86)/cypress/psoc creator/4.4/psoc creator/import/gnu/arm/5.4.1/bin/../lib/gcc/arm-none-eabi/5.4.1/../../../../arm-none-eabi/lib/armv6-m\libg_nano.a(lib_a-nano-mallocr.o)
                0x000069ac                _malloc_r
 .text.__sfputc_r
                0x00006a6c       0x2a c:/program files (x86)/cypress/psoc creator/4.4/psoc creator/import/gnu/arm/5.4.1/bin/../lib/gcc/arm-none-eabi/5.4.1/../../../../arm-none-eabi/lib/armv6-m\libg_nano.a(lib_a-nano-vfprintf.o)
 .text.__sfputs_r
                0x00006a96       0x24 c:/program files (x86)/cypress/psoc creator/4.4/psoc creator/import/gnu/arm/5.4.1/bin/../lib/gcc/arm-none-eabi/5.4.1/../../../../arm-none-eabi/lib/armv6-m\libg_nano.a(lib_a-nano-vfprintf.o)
                0x00006a96                __sfputs_r
 *fill*         0x00006aba        0x2 
 .text._vfprintf_r
                0x00006abc      0x238 c:/program files (x86)/cypress/psoc creator/4.4/psoc creator/import/gnu/arm/5.4.1/bin/../lib/gcc/arm-none-eabi/5.4.1/../../../../arm-none-eabi/lib/armv6-m\libg_nano.a(lib_a-nano-vfprintf.o)
                0x00006abc                _vfprintf_r
                0x00006abc                _vfiprintf_r
 .text._printf_common
                0x00006cf4       0xdc c:/program files (x86)/cypress/psoc creator/4.4/psoc creator/import/gnu/arm/5.4.1/bin/../lib/gcc/arm-none-eabi/5.4.1/../../../../arm-none-eabi/lib/armv6-m\libg_nano.a(lib_a-nano-vfprintf_i.o)
                0x00006cf4                _printf_common
 .text._printf_i
                0x00006dd0      0x244 c:/program files (x86)/cypress/psoc creator/4.4/psoc creator/import/gnu/arm/5.4.1/bin/../lib/gcc/arm-none-eabi/5.4.1/../../../../arm-none-eabi/lib/armv6-m\libg_nano.a(lib_a-nano-vfprintf_i.o)
                0x00006dd0                _printf_i
 .text._putc_r  0x00007014       0x6c c:/program files (x86)/cypress/psoc creator/4.4/psoc creator/import/gnu/arm/5.4.1/bin/../lib/gcc/arm-none-eabi/5.4.1/../../../../arm-none-eabi/lib/armv6-m\libg_nano.a(lib_a-putc.o)
                0x00007014                _putc_r
 .text._sbrk_r  0x00007080       0x24 c:/program files (x86)/cypress/psoc creator/4.4/psoc creator/import/gnu/arm/5.4.1/bin/../lib/gcc/arm-none-eabi/5.4.1/../../../../arm-none-eabi/lib/armv6-m\libg_nano.a(lib_a-sbrkr.o)
                0x00007080                _sbrk_r
 .text.__sread  0x000070a4       0x28 c:/program files (x86)/cypress/psoc creator/4.4/psoc creator/import/gnu/arm/5.4.1/bin/../lib/gcc/arm-none-eabi/5.4.1/../../../../arm-none-eabi/lib/armv6-m\libg_nano.a(lib_a-stdio.o)
                0x000070a4                __sread
 .text.__swrite
                0x000070cc       0x38 c:/program files (x86)/cypress/psoc creator/4.4/psoc creator/import/gnu/arm/5.4.1/bin/../lib/gcc/arm-none-eabi/5.4.1/../../../../arm-none-eabi/lib/armv6-m\libg_nano.a(lib_a-stdio.o)
                0x000070cc                __swrite
 .text.__sseek  0x00007104       0x2c c:/program files (x86)/cypress/psoc creator/4.4/psoc creator/import/gnu/arm/5.4.1/bin/../lib/gcc/arm-none-eabi/5.4.1/../../../../arm-none-eabi/lib/armv6-m\libg_nano.a(lib_a-stdio.o)
                0x00007104                __sseek
 .text.__sclose
                0x00007130        0xc c:/program files (x86)/cypress/psoc creator/4.4/psoc creator/import/gnu/arm/5.4.1/bin/../lib/gcc/arm-none-eabi/5.4.1/../../../../arm-none-eabi/lib/armv6-m\libg_nano.a(lib_a-stdio.o)
                0x00007130                __sclose
 .text          0x0000713c        0xe c:/program files (x86)/cypress/psoc creator/4.4/psoc creator/import/gnu/arm/5.4.1/bin/../lib/gcc/arm-none-eabi/5.4.1/../../../../arm-none-eabi/lib/armv6-m\libg_nano.a(lib_a-strlen.o)
                0x0000713c                strlen
 .text.strncmp  0x0000714a       0x24 c:/program files (x86)/cypress/psoc creator/4.4/psoc creator/import/gnu/arm/5.4.1/bin/../lib/gcc/arm-none-eabi/5.4.1/../../../../arm-none-eabi/lib/armv6-m\libg_nano.a(lib_a-strncmp.o)
                0x0000714a                strncmp
 *fill*         0x0000716e        0x2 
 .text._write_r
                0x00007170       0x28 c:/program files (x86)/cypress/psoc creator/4.4/psoc creator/import/gnu/arm/5.4.1/bin/../lib/gcc/arm-none-eabi/5.4.1/../../../../arm-none-eabi/lib/armv6-m\libg_nano.a(lib_a-writer.o)
                0x00007170                _write_r
 .text._close_r
                0x00007198       0x24 c:/program files (x86)/cypress/psoc creator/4.4/psoc creator/import/gnu/arm/5.4.1/bin/../lib/gcc/arm-none-eabi/5.4.1/../../../../arm-none-eabi/lib/armv6-m\libg_nano.a(lib_a-closer.o)
                0x00007198                _close_r
 .text._fstat_r
                0x000071bc       0x24 c:/program files (x86)/cypress/psoc creator/4.4/psoc creator/import/gnu/arm/5.4.1/bin/../lib/gcc/arm-none-eabi/5.4.1/../../../../arm-none-eabi/lib/armv6-m\libg_nano.a(lib_a-fstatr.o)
                0x000071bc                _fstat_r
 .text._isatty_r
                0x000071e0       0x24 c:/program files (x86)/cypress/psoc creator/4.4/psoc creator/import/gnu/arm/5.4.1/bin/../lib/gcc/arm-none-eabi/5.4.1/../../../../arm-none-eabi/lib/armv6-m\libg_nano.a(lib_a-isattyr.o)
                0x000071e0                _isatty_r
 .text._lseek_r
                0x00007204       0x28 c:/program files (x86)/cypress/psoc creator/4.4/psoc creator/import/gnu/arm/5.4.1/bin/../lib/gcc/arm-none-eabi/5.4.1/../../../../arm-none-eabi/lib/armv6-m\libg_nano.a(lib_a-lseekr.o)
                0x00007204                _lseek_r
 .text.malloc   0x0000722c       0x14 c:/program files (x86)/cypress/psoc creator/4.4/psoc creator/import/gnu/arm/5.4.1/bin/../lib/gcc/arm-none-eabi/5.4.1/../../../../arm-none-eabi/lib/armv6-m\libg_nano.a(lib_a-malloc.o)
                0x0000722c                malloc
 .text.memchr   0x00007240       0x16 c:/program files (x86)/cypress/psoc creator/4.4/psoc creator/import/gnu/arm/5.4.1/bin/../lib/gcc/arm-none-eabi/5.4.1/../../../../arm-none-eabi/lib/armv6-m\libg_nano.a(lib_a-memchr-stub.o)
                0x00007240                memchr
 .text.__malloc_lock
                0x00007256        0x2 c:/program files (x86)/cypress/psoc creator/4.4/psoc creator/import/gnu/arm/5.4.1/bin/../lib/gcc/arm-none-eabi/5.4.1/../../../../arm-none-eabi/lib/armv6-m\libg_nano.a(lib_a-mlock.o)
                0x00007256                __malloc_lock
 .text.__malloc_unlock
                0x00007258        0x2 c:/program files (x86)/cypress/psoc creator/4.4/psoc creator/import/gnu/arm/5.4.1/bin/../lib/gcc/arm-none-eabi/5.4.1/../../../../arm-none-eabi/lib/armv6-m\libg_nano.a(lib_a-mlock.o)
                0x00007258                __malloc_unlock
 *fill*         0x0000725a        0x2 
 .text._read_r  0x0000725c       0x28 c:/program files (x86)/cypress/psoc creator/4.4/psoc creator/import/gnu/arm/5.4.1/bin/../lib/gcc/arm-none-eabi/5.4.1/../../../../arm-none-eabi/lib/armv6-m\libg_nano.a(lib_a-readr.o)
                0x0000725c                _read_r
 .text          0x00007284       0x14 c:/program files (x86)/cypress/psoc creator/4.4/psoc creator/import/gnu/arm/5.4.1/bin/../lib/gcc/arm-none-eabi/5.4.1/armv6-m\libgcc.a(_thumb1_case_uqi.o)
                0x00007284                __gnu_thumb1_case_uqi
 .text          0x00007298      0x658 c:/program files (x86)/cypress/psoc creator/4.4/psoc creator/import/gnu/arm/5.4.1/bin/../lib/gcc/arm-none-eabi/5.4.1/armv6-m\libgcc.a(adddf3.o)
                0x00007298                __aeabi_dadd
 .text          0x000078f0       0x84 c:/program files (x86)/cypress/psoc creator/4.4/psoc creator/import/gnu/arm/5.4.1/bin/../lib/gcc/arm-none-eabi/5.4.1/armv6-m\libgcc.a(floatsidf.o)
                0x000078f0                __aeabi_i2d
 .text._close   0x00007974       0x10 c:/program files (x86)/cypress/psoc creator/4.4/psoc creator/import/gnu/arm/5.4.1/bin/../lib/gcc/arm-none-eabi/5.4.1/../../../../arm-none-eabi/lib/armv6-m\libnosys.a(close.o)
                0x00007974                _close
 .text._fstat   0x00007984       0x10 c:/program files (x86)/cypress/psoc creator/4.4/psoc creator/import/gnu/arm/5.4.1/bin/../lib/gcc/arm-none-eabi/5.4.1/../../../../arm-none-eabi/lib/armv6-m\libnosys.a(fstat.o)
                0x00007984                _fstat
 .text._isatty  0x00007994       0x10 c:/program files (x86)/cypress/psoc creator/4.4/psoc creator/import/gnu/arm/5.4.1/bin/../lib/gcc/arm-none-eabi/5.4.1/../../../../arm-none-eabi/lib/armv6-m\libnosys.a(isatty.o)
                0x00007994                _isatty
 .text._lseek   0x000079a4       0x10 c:/program files (x86)/cypress/psoc creator/4.4/psoc creator/import/gnu/arm/5.4.1/bin/../lib/gcc/arm-none-eabi/5.4.1/../../../../arm-none-eabi/lib/armv6-m\libnosys.a(lseek.o)
                0x000079a4                _lseek
 .text._read    0x000079b4       0x10 c:/program files (x86)/cypress/psoc creator/4.4/psoc creator/import/gnu/arm/5.4.1/bin/../lib/gcc/arm-none-eabi/5.4.1/../../../../arm-none-eabi/lib/armv6-m\libnosys.a(read.o)
                0x000079b4                _read
 *(.plt)
 *(.gnu.warning)
 *(.glue_7t)
 .glue_7t       0x000079c4        0x0 linker stubs
 *(.glue_7)
 .glue_7        0x000079c4        0x0 linker stubs
 *(.vfp11_veneer)
 .vfp11_veneer  0x000079c4        0x0 linker stubs
 *(.bootloader)
 *(.ARM.extab* .gnu.linkonce.armextab.*)
 *(.gcc_except_table)

.v4_bx          0x000079c4        0x0
 .v4_bx         0x000079c4        0x0 linker stubs

.iplt           0x000079c4        0x0
 .iplt          0x000079c4        0x0 c:/program files (x86)/cypress/psoc creator/4.4/psoc creator/import/gnu/arm/5.4.1/bin/../lib/gcc/arm-none-eabi/5.4.1/armv6-m/crtbegin.o

.eh_frame_hdr
 *(.eh_frame_hdr)

.eh_frame       0x000079c4        0x4
 *(.eh_frame)
 .eh_frame      0x000079c4        0x0 c:/program files (x86)/cypress/psoc creator/4.4/psoc creator/import/gnu/arm/5.4.1/bin/../lib/gcc/arm-none-eabi/5.4.1/armv6-m/crtbegin.o
 .eh_frame      0x000079c4        0x4 c:/program files (x86)/cypress/psoc creator/4.4/psoc creator/import/gnu/arm/5.4.1/bin/../lib/gcc/arm-none-eabi/5.4.1/armv6-m/crtend.o
                [!provide]                PROVIDE (__exidx_start, .)

.ARM.exidx
 *(.ARM.exidx* .gnu.linkonce.armexidx.*)
                0x000079c8                __exidx_end = .

.rodata         0x000079c8      0x868
 *(.rodata .rodata.* .gnu.linkonce.r.*)
 .rodata        0x000079c8       0xcc .\CortexM0\ARM_GCC_541\Debug\main.o
                0x00007a90                pwmperiod
 .rodata.str1.4
                0x00007a94      0x1ec .\CortexM0\ARM_GCC_541\Debug\main.o
                                0x1f0 (size before relaxing)
 .rodata        0x00007c80      0x20c .\CortexM0\ARM_GCC_541\Debug\cyfitter_cfg.o
 .rodata        0x00007e8c       0x2e .\CortexM0\ARM_GCC_541\Debug\BLDC Motor.a(CyLib.o)
                0x00007e8c                cyImoFreqMhz2Reg
 *fill*         0x00007eba        0x2 
 .rodata        0x00007ebc       0x80 c:/program files (x86)/cypress/psoc creator/4.4/psoc creator/import/gnu/arm/5.4.1/bin/../lib/gcc/arm-none-eabi/5.4.1/armv6-m\libgcc.a(divsf3.o)
 .rodata        0x00007f3c       0x40 c:/program files (x86)/cypress/psoc creator/4.4/psoc creator/import/gnu/arm/5.4.1/bin/../lib/gcc/arm-none-eabi/5.4.1/armv6-m\libgcc.a(mulsf3.o)
 .rodata        0x00007f7c       0x40 c:/program files (x86)/cypress/psoc creator/4.4/psoc creator/import/gnu/arm/5.4.1/bin/../lib/gcc/arm-none-eabi/5.4.1/armv6-m\libgcc.a(divdf3.o)
 .rodata        0x00007fbc       0x40 c:/program files (x86)/cypress/psoc creator/4.4/psoc creator/import/gnu/arm/5.4.1/bin/../lib/gcc/arm-none-eabi/5.4.1/armv6-m\libgcc.a(muldf3.o)
 .rodata.str1.1
                0x00007ffc        0x2 c:/program files (x86)/cypress/psoc creator/4.4/psoc creator/import/gnu/arm/5.4.1/bin/../lib/gcc/arm-none-eabi/5.4.1/../../../../arm-none-eabi/lib/armv6-m\libg_nano.a(lib_a-impure.o)
 *fill*         0x00007ffe        0x2 
 .rodata._global_impure_ptr
                0x00008000        0x4 c:/program files (x86)/cypress/psoc creator/4.4/psoc creator/import/gnu/arm/5.4.1/bin/../lib/gcc/arm-none-eabi/5.4.1/../../../../arm-none-eabi/lib/armv6-m\libg_nano.a(lib_a-impure.o)
                0x00008000                _global_impure_ptr
 .rodata.fpinan.5401
                0x00008004       0x14 c:/program files (x86)/cypress/psoc creator/4.4/psoc creator/import/gnu/arm/5.4.1/bin/../lib/gcc/arm-none-eabi/5.4.1/../../../../arm-none-eabi/lib/armv6-m\libg_nano.a(lib_a-strtod.o)
 .rodata.str1.1
                0x00008018        0xc c:/program files (x86)/cypress/psoc creator/4.4/psoc creator/import/gnu/arm/5.4.1/bin/../lib/gcc/arm-none-eabi/5.4.1/../../../../arm-none-eabi/lib/armv6-m\libg_nano.a(lib_a-strtod.o)
 .rodata.fpi.5365
                0x00008024       0x14 c:/program files (x86)/cypress/psoc creator/4.4/psoc creator/import/gnu/arm/5.4.1/bin/../lib/gcc/arm-none-eabi/5.4.1/../../../../arm-none-eabi/lib/armv6-m\libg_nano.a(lib_a-strtod.o)
 .rodata.tinytens
                0x00008038       0x28 c:/program files (x86)/cypress/psoc creator/4.4/psoc creator/import/gnu/arm/5.4.1/bin/../lib/gcc/arm-none-eabi/5.4.1/../../../../arm-none-eabi/lib/armv6-m\libg_nano.a(lib_a-strtod.o)
 .rodata.__sf_fake_stdin
                0x00008060       0x20 c:/program files (x86)/cypress/psoc creator/4.4/psoc creator/import/gnu/arm/5.4.1/bin/../lib/gcc/arm-none-eabi/5.4.1/../../../../arm-none-eabi/lib/armv6-m\libg_nano.a(lib_a-findfp.o)
                0x00008060                __sf_fake_stdin
 .rodata.__sf_fake_stdout
                0x00008080       0x20 c:/program files (x86)/cypress/psoc creator/4.4/psoc creator/import/gnu/arm/5.4.1/bin/../lib/gcc/arm-none-eabi/5.4.1/../../../../arm-none-eabi/lib/armv6-m\libg_nano.a(lib_a-findfp.o)
                0x00008080                __sf_fake_stdout
 .rodata.__sf_fake_stderr
                0x000080a0       0x20 c:/program files (x86)/cypress/psoc creator/4.4/psoc creator/import/gnu/arm/5.4.1/bin/../lib/gcc/arm-none-eabi/5.4.1/../../../../arm-none-eabi/lib/armv6-m\libg_nano.a(lib_a-findfp.o)
                0x000080a0                __sf_fake_stderr
 .rodata.str1.1
                0x000080c0        0x8 c:/program files (x86)/cypress/psoc creator/4.4/psoc creator/import/gnu/arm/5.4.1/bin/../lib/gcc/arm-none-eabi/5.4.1/../../../../arm-none-eabi/lib/armv6-m\libg_nano.a(lib_a-locale.o)
                                  0xb (size before relaxing)
 .rodata.__mprec_tens
                0x000080c8       0xc8 c:/program files (x86)/cypress/psoc creator/4.4/psoc creator/import/gnu/arm/5.4.1/bin/../lib/gcc/arm-none-eabi/5.4.1/../../../../arm-none-eabi/lib/armv6-m\libg_nano.a(lib_a-mprec.o)
                0x000080c8                __mprec_tens
 .rodata.p05.5408
                0x00008190        0xc c:/program files (x86)/cypress/psoc creator/4.4/psoc creator/import/gnu/arm/5.4.1/bin/../lib/gcc/arm-none-eabi/5.4.1/../../../../arm-none-eabi/lib/armv6-m\libg_nano.a(lib_a-mprec.o)
 *fill*         0x0000819c        0x4 
 .rodata.__mprec_bigtens
                0x000081a0       0x28 c:/program files (x86)/cypress/psoc creator/4.4/psoc creator/import/gnu/arm/5.4.1/bin/../lib/gcc/arm-none-eabi/5.4.1/../../../../arm-none-eabi/lib/armv6-m\libg_nano.a(lib_a-mprec.o)
                0x000081a0                __mprec_bigtens
 .rodata.str1.1
                0x000081c8       0x11 c:/program files (x86)/cypress/psoc creator/4.4/psoc creator/import/gnu/arm/5.4.1/bin/../lib/gcc/arm-none-eabi/5.4.1/../../../../arm-none-eabi/lib/armv6-m\libg_nano.a(lib_a-nano-vfprintf.o)
 .rodata.str1.1
                0x000081d9       0x22 c:/program files (x86)/cypress/psoc creator/4.4/psoc creator/import/gnu/arm/5.4.1/bin/../lib/gcc/arm-none-eabi/5.4.1/../../../../arm-none-eabi/lib/armv6-m\libg_nano.a(lib_a-nano-vfprintf_i.o)
                0x000081fc                . = ALIGN (0x4)
 *fill*         0x000081fb        0x1 
 *(.init)
 .init          0x000081fc        0x4 c:/program files (x86)/cypress/psoc creator/4.4/psoc creator/import/gnu/arm/5.4.1/bin/../lib/gcc/arm-none-eabi/5.4.1/armv6-m/crti.o
                0x000081fc                _init
 .init          0x00008200        0x8 c:/program files (x86)/cypress/psoc creator/4.4/psoc creator/import/gnu/arm/5.4.1/bin/../lib/gcc/arm-none-eabi/5.4.1/armv6-m/crtn.o
                0x00008208                . = ALIGN (0x4)
                0x00008208                __preinit_array_start = .
 *(.preinit_array)
                0x00008208                __preinit_array_end = .
                0x00008208                . = ALIGN (0x4)
                0x00008208                __init_array_start = .
 *(SORT(.init_array.*))
 *(.init_array)
 .init_array    0x00008208        0x4 c:/program files (x86)/cypress/psoc creator/4.4/psoc creator/import/gnu/arm/5.4.1/bin/../lib/gcc/arm-none-eabi/5.4.1/armv6-m/crtbegin.o
 .init_array    0x0000820c        0x4 .\CortexM0\ARM_GCC_541\Debug\Cm0Start.o
                0x00008210                __init_array_end = .
                0x00008210                . = ALIGN (0x4)
 *(.fini)
 .fini          0x00008210        0x4 c:/program files (x86)/cypress/psoc creator/4.4/psoc creator/import/gnu/arm/5.4.1/bin/../lib/gcc/arm-none-eabi/5.4.1/armv6-m/crti.o
                0x00008210                _fini
 .fini          0x00008214        0x8 c:/program files (x86)/cypress/psoc creator/4.4/psoc creator/import/gnu/arm/5.4.1/bin/../lib/gcc/arm-none-eabi/5.4.1/armv6-m/crtn.o
                0x0000821c                . = ALIGN (0x4)
                0x0000821c                __fini_array_start = .
 *(.fini_array)
 .fini_array    0x0000821c        0x4 c:/program files (x86)/cypress/psoc creator/4.4/psoc creator/import/gnu/arm/5.4.1/bin/../lib/gcc/arm-none-eabi/5.4.1/armv6-m/crtbegin.o
 *(SORT(.fini_array.*))
                0x00008220                __fini_array_end = .
                0x00008220                . = ALIGN (0x4)
 *crtbegin.o(.ctors)
 *(EXCLUDE_FILE(*crtend.o) .ctors)
 *(SORT(.ctors.*))
 *crtend.o(.ctors)
                0x00008220                . = ALIGN (0x4)
 *crtbegin.o(.dtors)
 *(EXCLUDE_FILE(*crtend.o) .dtors)
 *(SORT(.dtors.*))
 *crtend.o(.dtors)
                0x00008220                . = ALIGN (0x4)
                0x00008220                __cy_regions = .
                0x00008220        0x4 LONG 0x8230 __cy_region_init_ram
                0x00008224        0x4 LONG 0x200000c0 __cy_region_start_data
                0x00008228        0x4 LONG 0xe0 __cy_region_init_size_ram
                0x0000822c        0x4 LONG 0x168 __cy_region_zero_size_ram
                0x00008230                __cy_regions_end = .
                0x00008230                . = ALIGN (0x8)
                0x00008230                _etext = .

.cy_checksum_exclude
                0x00008230        0x0
 *(.cy_checksum_exclude)

.ramvectors     0x20000000       0xc0
                0x20000000                __cy_region_start_ram = .
 *(.ramvectors)
 .ramvectors    0x20000000       0xc0 .\CortexM0\ARM_GCC_541\Debug\Cm0Start.o
                0x20000000                CyRamVectors

.noinit
 *(.noinit)

.data           0x200000c0       0xe0 load address 0x00008230
                0x200000c0                __cy_region_start_data = .
 *(.jcr)
 .jcr           0x200000c0        0x0 c:/program files (x86)/cypress/psoc creator/4.4/psoc creator/import/gnu/arm/5.4.1/bin/../lib/gcc/arm-none-eabi/5.4.1/armv6-m/crtbegin.o
 .jcr           0x200000c0        0x4 c:/program files (x86)/cypress/psoc creator/4.4/psoc creator/import/gnu/arm/5.4.1/bin/../lib/gcc/arm-none-eabi/5.4.1/armv6-m/crtend.o
 *(.got.plt)
 *(.got)
 *(.shdata)
 *(.data .data.* .gnu.linkonce.d.*)
 .data          0x200000c4       0x1d .\CortexM0\ARM_GCC_541\Debug\main.o
                0x200000c4                spset
                0x200000c8                maxDC
                0x200000cc                dir
                0x200000d4                minspeedCW
                0x200000d8                minspeedCCW
                0x200000dc                stDCmax
                0x200000e0                CTRLcmd
 *fill*         0x200000e1        0x3 
 .data          0x200000e4        0x4 .\CortexM0\ARM_GCC_541\Debug\Cm0Start.o
 .data          0x200000e8       0x14 .\CortexM0\ARM_GCC_541\Debug\BLDC Motor.a(CyLib.o)
                0x200000e8                CySysClkPumpConfig
                0x200000ec                cydelay32kMs
                0x200000f0                cydelayFreqKhz
                0x200000f4                cydelayFreqMhz
                0x200000f8                cydelayFreqHz
 .data          0x200000fc        0x8 .\CortexM0\ARM_GCC_541\Debug\BLDC Motor.a(CyLFClk.o)
 .data.impure_data
                0x20000104       0x60 c:/program files (x86)/cypress/psoc creator/4.4/psoc creator/import/gnu/arm/5.4.1/bin/../lib/gcc/arm-none-eabi/5.4.1/../../../../arm-none-eabi/lib/armv6-m\libg_nano.a(lib_a-impure.o)
 .data._impure_ptr
                0x20000164        0x4 c:/program files (x86)/cypress/psoc creator/4.4/psoc creator/import/gnu/arm/5.4.1/bin/../lib/gcc/arm-none-eabi/5.4.1/../../../../arm-none-eabi/lib/armv6-m\libg_nano.a(lib_a-impure.o)
                0x20000164                _impure_ptr
 .data.lconv    0x20000168       0x38 c:/program files (x86)/cypress/psoc creator/4.4/psoc creator/import/gnu/arm/5.4.1/bin/../lib/gcc/arm-none-eabi/5.4.1/../../../../arm-none-eabi/lib/armv6-m\libg_nano.a(lib_a-locale.o)
                0x200001a0                . = ALIGN (0x8)
 *(.ram)
                0x200001a0                _edata = .

.igot.plt       0x200001a0        0x0 load address 0x00008310
 .igot.plt      0x200001a0        0x0 c:/program files (x86)/cypress/psoc creator/4.4/psoc creator/import/gnu/arm/5.4.1/bin/../lib/gcc/arm-none-eabi/5.4.1/armv6-m/crtbegin.o

.bss            0x200001a0      0x168 load address 0x00008310
                0x200001a0                PROVIDE (__bss_start__, .)
 *(.shbss)
 *(.bss .bss.* .gnu.linkonce.b.*)
 .bss           0x200001a0       0x1c c:/program files (x86)/cypress/psoc creator/4.4/psoc creator/import/gnu/arm/5.4.1/bin/../lib/gcc/arm-none-eabi/5.4.1/armv6-m/crtbegin.o
 .bss           0x200001bc       0x68 .\CortexM0\ARM_GCC_541\Debug\main.o
                0x200001d2                stamotor
                0x200001d3                sincmd
                0x200001e8                randircnt
                0x20000218                prevprintim
                0x2000021c                sindrive
                0x20000220                i2c_cnt
 .bss           0x20000224       0x28 .\CortexM0\ARM_GCC_541\Debug\BLDC Motor.a(CyLFClk.o)
 .bss           0x2000024c        0x1 .\CortexM0\ARM_GCC_541\Debug\BLDC Motor.a(PWM_A.o)
                0x2000024c                PWM_A_initVar
 .bss           0x2000024d        0x1 .\CortexM0\ARM_GCC_541\Debug\BLDC Motor.a(PWM_B.o)
                0x2000024d                PWM_B_initVar
 .bss           0x2000024e        0x1 .\CortexM0\ARM_GCC_541\Debug\BLDC Motor.a(PWM_C.o)
                0x2000024e                PWM_C_initVar
 *fill*         0x2000024f        0x1 
 .bss           0x20000250        0x4 .\CortexM0\ARM_GCC_541\Debug\BLDC Motor.a(UART.o)
                0x20000250                UART_initVar
                0x20000252                UART_IntrTxMask
 .bss           0x20000254        0x1 .\CortexM0\ARM_GCC_541\Debug\BLDC Motor.a(Counter_micros.o)
                0x20000254                Counter_micros_initVar
 *fill*         0x20000255        0x3 
 .bss.__malloc_sbrk_start
                0x20000258        0x4 c:/program files (x86)/cypress/psoc creator/4.4/psoc creator/import/gnu/arm/5.4.1/bin/../lib/gcc/arm-none-eabi/5.4.1/../../../../arm-none-eabi/lib/armv6-m\libg_nano.a(lib_a-nano-mallocr.o)
                0x20000258                __malloc_sbrk_start
 .bss.__malloc_free_list
                0x2000025c        0x4 c:/program files (x86)/cypress/psoc creator/4.4/psoc creator/import/gnu/arm/5.4.1/bin/../lib/gcc/arm-none-eabi/5.4.1/../../../../arm-none-eabi/lib/armv6-m\libg_nano.a(lib_a-nano-mallocr.o)
                0x2000025c                __malloc_free_list
 *(COMMON)
 COMMON         0x20000260       0x9d .\CortexM0\ARM_GCC_541\Debug\main.o
                0x20000260                rot
                0x20000264                b
                0x200002a8                p
                0x200002e0                prevmaintim
                0x200002e4                intptr
                0x200002e8                prevpwmtim
                0x200002ec                i2cfloat
                0x200002f0                Maxcount
                0x200002f4                i2cavail
                0x200002f5                startpulse
                0x200002f8                toberead
                0x200002fc                i2ccmd
 *fill*         0x200002fd        0x3 
 COMMON         0x20000300        0x4 c:/program files (x86)/cypress/psoc creator/4.4/psoc creator/import/gnu/arm/5.4.1/bin/../lib/gcc/arm-none-eabi/5.4.1/../../../../arm-none-eabi/lib/armv6-m\libg_nano.a(lib_a-reent.o)
                0x20000300                errno
                0x20000308                . = ALIGN (0x8)
 *fill*         0x20000304        0x4 
 *(.ram.b)
                0x20000308                _end = .
                0x20000308                __end = .
                0x20000308                PROVIDE (end, .)
                0x20000308                PROVIDE (__bss_end__, .)
                0x00008230                __cy_region_init_ram = LOADADDR (.data)
                0x000000e0                __cy_region_init_size_ram = (_edata - ADDR (.data))
                0x00000168                __cy_region_zero_size_ram = (_end - _edata)

.heap           0x20000308      0x200 load address 0x00008310
                0x20000308                . = _end
                0x20000508                . = (. + 0x200)
 *fill*         0x20000308      0x200 
                0x20000508                __cy_heap_limit = .

.stack          0x20003800      0x800
                0x20003800                __cy_stack_limit = .
                0x20004000                . = (. + 0x800)
 *fill*         0x20003800      0x800 
                0x00000001                ASSERT ((__cy_stack_limit >= __cy_heap_limit), region RAM overflowed with stack)
                0x00000000                cy_checksum_exclude_size = (CY_APPL_LOADABLE == 0x1)?SIZEOF (.cy_checksum_exclude):0x0
                0x00000001                ASSERT ((cy_checksum_exclude_size <= CY_CHECKSUM_EXCLUDE_SIZE), CY_BOOT: Section .cy_checksum_exclude size exceedes specified limit.)
                0x0001ffc0                cyloadermeta_start = (cy_project_type_bootloader || cy_project_type_app_for_stack_and_copier)?(LENGTH (rom) - CY_METADATA_SIZE):0xf0000000

.cyloadermeta
 *(.cyloadermeta)
                0x0001ffc0                cyloadablemeta_start = cy_project_type_app_for_stack_and_copier?((LENGTH (rom) - CY_FLASH_ROW_SIZE) - CY_METADATA_SIZE):((LENGTH (rom) - (CY_FLASH_ROW_SIZE * (CY_APPL_NUM - 0x1))) - CY_METADATA_SIZE)

.cyloadablemeta
 *(.cyloadablemeta)

.cyflashprotect
                0x90400000       0x80
 *(.cyflashprotect)
 .cyflashprotect
                0x90400000       0x80 .\CortexM0\ARM_GCC_541\Debug\cymetadata.o
                0x90400000                cy_meta_flashprotect

.cymeta         0x90500000        0xc
 *(.cymeta)
 .cymeta        0x90500000        0xc .\CortexM0\ARM_GCC_541\Debug\cymetadata.o
                0x90500000                cy_metadata

.cychipprotect  0x90600000        0x1
 *(.cychipprotect)
 .cychipprotect
                0x90600000        0x1 .\CortexM0\ARM_GCC_541\Debug\cymetadata.o
                0x90600000                cy_meta_chipprotect

.rel.dyn        0x00008310        0x0 load address 0x90600004
 .rel.iplt      0x00008310        0x0 c:/program files (x86)/cypress/psoc creator/4.4/psoc creator/import/gnu/arm/5.4.1/bin/../lib/gcc/arm-none-eabi/5.4.1/armv6-m/crtbegin.o

.stab           0x00000000       0x84
 *(.stab)
 .stab          0x00000000       0x24 c:/program files (x86)/cypress/psoc creator/4.4/psoc creator/import/gnu/arm/5.4.1/bin/../lib/gcc/arm-none-eabi/5.4.1/../../../../arm-none-eabi/lib/armv6-m\libnosys.a(close.o)
 .stab          0x00000024       0x18 c:/program files (x86)/cypress/psoc creator/4.4/psoc creator/import/gnu/arm/5.4.1/bin/../lib/gcc/arm-none-eabi/5.4.1/../../../../arm-none-eabi/lib/armv6-m\libnosys.a(fstat.o)
                                 0x24 (size before relaxing)
 .stab          0x0000003c       0x18 c:/program files (x86)/cypress/psoc creator/4.4/psoc creator/import/gnu/arm/5.4.1/bin/../lib/gcc/arm-none-eabi/5.4.1/../../../../arm-none-eabi/lib/armv6-m\libnosys.a(isatty.o)
                                 0x24 (size before relaxing)
 .stab          0x00000054       0x18 c:/program files (x86)/cypress/psoc creator/4.4/psoc creator/import/gnu/arm/5.4.1/bin/../lib/gcc/arm-none-eabi/5.4.1/../../../../arm-none-eabi/lib/armv6-m\libnosys.a(lseek.o)
                                 0x24 (size before relaxing)
 .stab          0x0000006c       0x18 c:/program files (x86)/cypress/psoc creator/4.4/psoc creator/import/gnu/arm/5.4.1/bin/../lib/gcc/arm-none-eabi/5.4.1/../../../../arm-none-eabi/lib/armv6-m\libnosys.a(read.o)
                                 0x24 (size before relaxing)

.stabstr        0x00000000      0x117
 *(.stabstr)
 .stabstr       0x00000000      0x117 c:/program files (x86)/cypress/psoc creator/4.4/psoc creator/import/gnu/arm/5.4.1/bin/../lib/gcc/arm-none-eabi/5.4.1/../../../../arm-none-eabi/lib/armv6-m\libnosys.a(close.o)

.debug
 *(.debug)

.line
 *(.line)

.debug_srcinfo
 *(.debug_srcinfo)

.debug_sfnames
 *(.debug_sfnames)

.debug_aranges  0x00000000     0x1128
 *(.debug_aranges)
 .debug_aranges
                0x00000000      0x178 .\CortexM0\ARM_GCC_541\Debug\main.o
 .debug_aranges
                0x00000178       0x40 .\CortexM0\ARM_GCC_541\Debug\cyfitter_cfg.o
 .debug_aranges
                0x000001b8       0x18 .\CortexM0\ARM_GCC_541\Debug\cymetadata.o
 .debug_aranges
                0x000001d0       0x48 .\CortexM0\ARM_GCC_541\Debug\Cm0Start.o
 .debug_aranges
                0x00000218       0x48 .\CortexM0\ARM_GCC_541\Debug\BLDC Motor.a(INHA.o)
 .debug_aranges
                0x00000260       0x48 .\CortexM0\ARM_GCC_541\Debug\BLDC Motor.a(INHB.o)
 .debug_aranges
                0x000002a8       0x48 .\CortexM0\ARM_GCC_541\Debug\BLDC Motor.a(INHC.o)
 .debug_aranges
                0x000002f0      0x1c8 .\CortexM0\ARM_GCC_541\Debug\BLDC Motor.a(CyLib.o)
 .debug_aranges
                0x000004b8      0x188 .\CortexM0\ARM_GCC_541\Debug\BLDC Motor.a(CyLFClk.o)
 .debug_aranges
                0x00000640      0x158 .\CortexM0\ARM_GCC_541\Debug\BLDC Motor.a(PWM_A.o)
 .debug_aranges
                0x00000798      0x158 .\CortexM0\ARM_GCC_541\Debug\BLDC Motor.a(PWM_B.o)
 .debug_aranges
                0x000008f0      0x158 .\CortexM0\ARM_GCC_541\Debug\BLDC Motor.a(PWM_C.o)
 .debug_aranges
                0x00000a48       0x48 .\CortexM0\ARM_GCC_541\Debug\BLDC Motor.a(u.o)
 .debug_aranges
                0x00000a90       0x48 .\CortexM0\ARM_GCC_541\Debug\BLDC Motor.a(v.o)
 .debug_aranges
                0x00000ad8       0x48 .\CortexM0\ARM_GCC_541\Debug\BLDC Motor.a(w.o)
 .debug_aranges
                0x00000b20       0x58 .\CortexM0\ARM_GCC_541\Debug\BLDC Motor.a(UART.o)
 .debug_aranges
                0x00000b78       0x60 .\CortexM0\ARM_GCC_541\Debug\BLDC Motor.a(UART_SPI_UART.o)
 .debug_aranges
                0x00000bd8       0x90 .\CortexM0\ARM_GCC_541\Debug\BLDC Motor.a(UART_UART.o)
 .debug_aranges
                0x00000c68       0x48 .\CortexM0\ARM_GCC_541\Debug\BLDC Motor.a(CTRL.o)
 .debug_aranges
                0x00000cb0       0x98 .\CortexM0\ARM_GCC_541\Debug\BLDC Motor.a(Counter_micros.o)
 .debug_aranges
                0x00000d48       0x80 .\CortexM0\ARM_GCC_541\Debug\BLDC Motor.a(isr_millis.o)
 .debug_aranges
                0x00000dc8       0x80 .\CortexM0\ARM_GCC_541\Debug\BLDC Motor.a(isr_uf.o)
 .debug_aranges
                0x00000e48       0x80 .\CortexM0\ARM_GCC_541\Debug\BLDC Motor.a(isr_vf.o)
 .debug_aranges
                0x00000ec8       0x80 .\CortexM0\ARM_GCC_541\Debug\BLDC Motor.a(isr_wf.o)
 .debug_aranges
                0x00000f48       0x80 .\CortexM0\ARM_GCC_541\Debug\BLDC Motor.a(isr_wr.o)
 .debug_aranges
                0x00000fc8       0x80 .\CortexM0\ARM_GCC_541\Debug\BLDC Motor.a(isr_vr.o)
 .debug_aranges
                0x00001048       0x80 .\CortexM0\ARM_GCC_541\Debug\BLDC Motor.a(isr_ur.o)
 .debug_aranges
                0x000010c8       0x20 .\CortexM0\ARM_GCC_541\Debug\BLDC Motor.a(CyBootAsmGnu.o)
 .debug_aranges
                0x000010e8       0x40 .\CortexM0\ARM_GCC_541\Debug\BLDC Motor.a(CyFlash.o)

.debug_pubnames
 *(.debug_pubnames)

.debug_info     0x00000000     0x8e6c
 *(.debug_info .gnu.linkonce.wi.*)
 .debug_info    0x00000000     0x1d8d .\CortexM0\ARM_GCC_541\Debug\main.o
 .debug_info    0x00001d8d      0x3cd .\CortexM0\ARM_GCC_541\Debug\cyfitter_cfg.o
 .debug_info    0x0000215a       0xf8 .\CortexM0\ARM_GCC_541\Debug\cymetadata.o
 .debug_info    0x00002252      0x3a2 .\CortexM0\ARM_GCC_541\Debug\Cm0Start.o
 .debug_info    0x000025f4      0x19d .\CortexM0\ARM_GCC_541\Debug\BLDC Motor.a(INHA.o)
 .debug_info    0x00002791      0x19d .\CortexM0\ARM_GCC_541\Debug\BLDC Motor.a(INHB.o)
 .debug_info    0x0000292e      0x19d .\CortexM0\ARM_GCC_541\Debug\BLDC Motor.a(INHC.o)
 .debug_info    0x00002acb      0xd40 .\CortexM0\ARM_GCC_541\Debug\BLDC Motor.a(CyLib.o)
 .debug_info    0x0000380b     0x1058 .\CortexM0\ARM_GCC_541\Debug\BLDC Motor.a(CyLFClk.o)
 .debug_info    0x00004863      0x90b .\CortexM0\ARM_GCC_541\Debug\BLDC Motor.a(PWM_A.o)
 .debug_info    0x0000516e      0x90a .\CortexM0\ARM_GCC_541\Debug\BLDC Motor.a(PWM_B.o)
 .debug_info    0x00005a78      0x90b .\CortexM0\ARM_GCC_541\Debug\BLDC Motor.a(PWM_C.o)
 .debug_info    0x00006383      0x19d .\CortexM0\ARM_GCC_541\Debug\BLDC Motor.a(u.o)
 .debug_info    0x00006520      0x19d .\CortexM0\ARM_GCC_541\Debug\BLDC Motor.a(v.o)
 .debug_info    0x000066bd      0x19b .\CortexM0\ARM_GCC_541\Debug\BLDC Motor.a(w.o)
 .debug_info    0x00006858      0x23a .\CortexM0\ARM_GCC_541\Debug\BLDC Motor.a(UART.o)
 .debug_info    0x00006a92      0x220 .\CortexM0\ARM_GCC_541\Debug\BLDC Motor.a(UART_SPI_UART.o)
 .debug_info    0x00006cb2      0x3b5 .\CortexM0\ARM_GCC_541\Debug\BLDC Motor.a(UART_UART.o)
 .debug_info    0x00007067      0x19d .\CortexM0\ARM_GCC_541\Debug\BLDC Motor.a(CTRL.o)
 .debug_info    0x00007204      0x345 .\CortexM0\ARM_GCC_541\Debug\BLDC Motor.a(Counter_micros.o)
 .debug_info    0x00007549      0x305 .\CortexM0\ARM_GCC_541\Debug\BLDC Motor.a(isr_millis.o)
 .debug_info    0x0000784e      0x305 .\CortexM0\ARM_GCC_541\Debug\BLDC Motor.a(isr_uf.o)
 .debug_info    0x00007b53      0x305 .\CortexM0\ARM_GCC_541\Debug\BLDC Motor.a(isr_vf.o)
 .debug_info    0x00007e58      0x305 .\CortexM0\ARM_GCC_541\Debug\BLDC Motor.a(isr_wf.o)
 .debug_info    0x0000815d      0x305 .\CortexM0\ARM_GCC_541\Debug\BLDC Motor.a(isr_wr.o)
 .debug_info    0x00008462      0x305 .\CortexM0\ARM_GCC_541\Debug\BLDC Motor.a(isr_vr.o)
 .debug_info    0x00008767      0x305 .\CortexM0\ARM_GCC_541\Debug\BLDC Motor.a(isr_ur.o)
 .debug_info    0x00008a6c       0xb0 .\CortexM0\ARM_GCC_541\Debug\BLDC Motor.a(CyBootAsmGnu.o)
 .debug_info    0x00008b1c      0x350 .\CortexM0\ARM_GCC_541\Debug\BLDC Motor.a(CyFlash.o)

.debug_abbrev   0x00000000     0x2572
 *(.debug_abbrev)
 .debug_abbrev  0x00000000      0x340 .\CortexM0\ARM_GCC_541\Debug\main.o
 .debug_abbrev  0x00000340      0x1af .\CortexM0\ARM_GCC_541\Debug\cyfitter_cfg.o
 .debug_abbrev  0x000004ef       0x5d .\CortexM0\ARM_GCC_541\Debug\cymetadata.o
 .debug_abbrev  0x0000054c      0x1d7 .\CortexM0\ARM_GCC_541\Debug\Cm0Start.o
 .debug_abbrev  0x00000723       0xc8 .\CortexM0\ARM_GCC_541\Debug\BLDC Motor.a(INHA.o)
 .debug_abbrev  0x000007eb       0xc8 .\CortexM0\ARM_GCC_541\Debug\BLDC Motor.a(INHB.o)
 .debug_abbrev  0x000008b3       0xc8 .\CortexM0\ARM_GCC_541\Debug\BLDC Motor.a(INHC.o)
 .debug_abbrev  0x0000097b      0x20b .\CortexM0\ARM_GCC_541\Debug\BLDC Motor.a(CyLib.o)
 .debug_abbrev  0x00000b86      0x248 .\CortexM0\ARM_GCC_541\Debug\BLDC Motor.a(CyLFClk.o)
 .debug_abbrev  0x00000dce      0x119 .\CortexM0\ARM_GCC_541\Debug\BLDC Motor.a(PWM_A.o)
 .debug_abbrev  0x00000ee7      0x119 .\CortexM0\ARM_GCC_541\Debug\BLDC Motor.a(PWM_B.o)
 .debug_abbrev  0x00001000      0x119 .\CortexM0\ARM_GCC_541\Debug\BLDC Motor.a(PWM_C.o)
 .debug_abbrev  0x00001119       0xc8 .\CortexM0\ARM_GCC_541\Debug\BLDC Motor.a(u.o)
 .debug_abbrev  0x000011e1       0xc8 .\CortexM0\ARM_GCC_541\Debug\BLDC Motor.a(v.o)
 .debug_abbrev  0x000012a9       0xc8 .\CortexM0\ARM_GCC_541\Debug\BLDC Motor.a(w.o)
 .debug_abbrev  0x00001371       0xd5 .\CortexM0\ARM_GCC_541\Debug\BLDC Motor.a(UART.o)
 .debug_abbrev  0x00001446      0x14f .\CortexM0\ARM_GCC_541\Debug\BLDC Motor.a(UART_SPI_UART.o)
 .debug_abbrev  0x00001595      0x132 .\CortexM0\ARM_GCC_541\Debug\BLDC Motor.a(UART_UART.o)
 .debug_abbrev  0x000016c7       0xc8 .\CortexM0\ARM_GCC_541\Debug\BLDC Motor.a(CTRL.o)
 .debug_abbrev  0x0000178f      0x117 .\CortexM0\ARM_GCC_541\Debug\BLDC Motor.a(Counter_micros.o)
 .debug_abbrev  0x000018a6      0x19a .\CortexM0\ARM_GCC_541\Debug\BLDC Motor.a(isr_millis.o)
 .debug_abbrev  0x00001a40      0x19a .\CortexM0\ARM_GCC_541\Debug\BLDC Motor.a(isr_uf.o)
 .debug_abbrev  0x00001bda      0x19a .\CortexM0\ARM_GCC_541\Debug\BLDC Motor.a(isr_vf.o)
 .debug_abbrev  0x00001d74      0x19a .\CortexM0\ARM_GCC_541\Debug\BLDC Motor.a(isr_wf.o)
 .debug_abbrev  0x00001f0e      0x19a .\CortexM0\ARM_GCC_541\Debug\BLDC Motor.a(isr_wr.o)
 .debug_abbrev  0x000020a8      0x19a .\CortexM0\ARM_GCC_541\Debug\BLDC Motor.a(isr_vr.o)
 .debug_abbrev  0x00002242      0x19a .\CortexM0\ARM_GCC_541\Debug\BLDC Motor.a(isr_ur.o)
 .debug_abbrev  0x000023dc       0x14 .\CortexM0\ARM_GCC_541\Debug\BLDC Motor.a(CyBootAsmGnu.o)
 .debug_abbrev  0x000023f0      0x182 .\CortexM0\ARM_GCC_541\Debug\BLDC Motor.a(CyFlash.o)

.debug_line     0x00000000     0x38a5
 *(.debug_line)
 .debug_line    0x00000000      0x838 .\CortexM0\ARM_GCC_541\Debug\main.o
 .debug_line    0x00000838      0x18d .\CortexM0\ARM_GCC_541\Debug\cyfitter_cfg.o
 .debug_line    0x000009c5      0x141 .\CortexM0\ARM_GCC_541\Debug\cymetadata.o
 .debug_line    0x00000b06      0x236 .\CortexM0\ARM_GCC_541\Debug\Cm0Start.o
 .debug_line    0x00000d3c       0xbc .\CortexM0\ARM_GCC_541\Debug\BLDC Motor.a(INHA.o)
 .debug_line    0x00000df8       0xbc .\CortexM0\ARM_GCC_541\Debug\BLDC Motor.a(INHB.o)
 .debug_line    0x00000eb4       0xbc .\CortexM0\ARM_GCC_541\Debug\BLDC Motor.a(INHC.o)
 .debug_line    0x00000f70      0x563 .\CortexM0\ARM_GCC_541\Debug\BLDC Motor.a(CyLib.o)
 .debug_line    0x000014d3      0x5d1 .\CortexM0\ARM_GCC_541\Debug\BLDC Motor.a(CyLFClk.o)
 .debug_line    0x00001aa4      0x37e .\CortexM0\ARM_GCC_541\Debug\BLDC Motor.a(PWM_A.o)
 .debug_line    0x00001e22      0x37e .\CortexM0\ARM_GCC_541\Debug\BLDC Motor.a(PWM_B.o)
 .debug_line    0x000021a0      0x37e .\CortexM0\ARM_GCC_541\Debug\BLDC Motor.a(PWM_C.o)
 .debug_line    0x0000251e       0xb9 .\CortexM0\ARM_GCC_541\Debug\BLDC Motor.a(u.o)
 .debug_line    0x000025d7       0xb9 .\CortexM0\ARM_GCC_541\Debug\BLDC Motor.a(v.o)
 .debug_line    0x00002690       0xb8 .\CortexM0\ARM_GCC_541\Debug\BLDC Motor.a(w.o)
 .debug_line    0x00002748      0x108 .\CortexM0\ARM_GCC_541\Debug\BLDC Motor.a(UART.o)
 .debug_line    0x00002850      0x11a .\CortexM0\ARM_GCC_541\Debug\BLDC Motor.a(UART_SPI_UART.o)
 .debug_line    0x0000296a      0x1cf .\CortexM0\ARM_GCC_541\Debug\BLDC Motor.a(UART_UART.o)
 .debug_line    0x00002b39       0xbc .\CortexM0\ARM_GCC_541\Debug\BLDC Motor.a(CTRL.o)
 .debug_line    0x00002bf5      0x197 .\CortexM0\ARM_GCC_541\Debug\BLDC Motor.a(Counter_micros.o)
 .debug_line    0x00002d8c      0x152 .\CortexM0\ARM_GCC_541\Debug\BLDC Motor.a(isr_millis.o)
 .debug_line    0x00002ede      0x152 .\CortexM0\ARM_GCC_541\Debug\BLDC Motor.a(isr_uf.o)
 .debug_line    0x00003030      0x152 .\CortexM0\ARM_GCC_541\Debug\BLDC Motor.a(isr_vf.o)
 .debug_line    0x00003182      0x152 .\CortexM0\ARM_GCC_541\Debug\BLDC Motor.a(isr_wf.o)
 .debug_line    0x000032d4      0x152 .\CortexM0\ARM_GCC_541\Debug\BLDC Motor.a(isr_wr.o)
 .debug_line    0x00003426      0x152 .\CortexM0\ARM_GCC_541\Debug\BLDC Motor.a(isr_vr.o)
 .debug_line    0x00003578      0x152 .\CortexM0\ARM_GCC_541\Debug\BLDC Motor.a(isr_ur.o)
 .debug_line    0x000036ca       0x68 .\CortexM0\ARM_GCC_541\Debug\BLDC Motor.a(CyBootAsmGnu.o)
 .debug_line    0x00003732      0x173 .\CortexM0\ARM_GCC_541\Debug\BLDC Motor.a(CyFlash.o)

.debug_frame    0x00000000     0x3d2c
 *(.debug_frame)
 .debug_frame   0x00000000      0x4f8 .\CortexM0\ARM_GCC_541\Debug\main.o